******************************************************************************
            TI ARM Clang Linker PC v2.1.3                      
******************************************************************************
>> Linked Tue Jul 11 10:29:14 2023

OUTPUT FILE NAME:   <central.out>
ENTRY POINT SYMBOL: "ResetISR"  address: 0001a827


MEMORY CONFIGURATION

         name            origin    length      used     unused   attr    fill
----------------------  --------  ---------  --------  --------  ----  --------
  FLASH                 00000000   00056000  00021cd4  0003432c  R  X
  FLASH_LAST_PAGE       00056000   00002000  00000058  00001fa8  R  X
  RTOS_SRAM             20000000   0000012c  00000000  0000012c  RW X
  SRAM                  20000fdf   00013021  00002bf8  00010429  RW X


SEGMENT ALLOCATION MAP

run origin  load origin   length   init length attrs members
----------  ----------- ---------- ----------- ----- -------
00000000    00000000    0001dcd4   0001dcd4    r-x
  00000000    00000000    0000003c   0000003c    r-- .resetVecs
  0000003c    0000003c    00000004   00000004    r-- .rodata.1
  00000040    00000040    0001afb0   0001afb0    r-x .text
  0001aff0    0001aff0    000028c0   000028c0    r-- .rodata.2
  0001d8b0    0001d8b0    00000424   00000424    r-- .cinit
00048000    00048000    00004000   00000000    rw-
  00048000    00048000    00004000   00000000    rw- .TI.bound:flashBuf0
00057fa8    00057fa8    00000058   00000058    r--
  00057fa8    00057fa8    00000058   00000058    r-- .ccfg
20001810    20001810    00000010   00000000    rw-
  20001810    20001810    00000010   00000000    rw- .TI.bound:dmaUart0RxControlTableEntry
20001820    20001820    00000010   00000000    rw-
  20001820    20001820    00000010   00000000    rw- .TI.bound:dmaUart0TxControlTableEntry
20001900    20001900    00002626   00000000    rw-
  20001900    20001900    00000b66   00000000    rw- .data
  20002468    20002468    00001abe   00000000    rw- .bss
20004000    20004000    000000d8   00000000    rw-
  20004000    20004000    000000d8   00000000    rw- .ramVecs
20013c00    20013c00    00000400   00000000    rw-
  20013c00    20013c00    00000400   00000000    rw- .stack


SECTION ALLOCATION MAP

 output                                  attributes/
section   page    origin      length       input sections
--------  ----  ----------  ----------   ----------------
.resetVecs 
*          0    00000000    0000003c     
                  00000000    0000003c     ti_sysbios_config.o (.resetVecs)

.rodata.1 
*          0    0000003c    00000004     
                  0000003c    00000004     drivers_cc13x2.a : NVS.c.obj (.rodata.NVS_defaultParams)

.cinit     0    0001d8b0    00000424     
                  0001d8b0    000003d0     (.cinit..data.load) [load image, compression = lzss]
                  0001dc80    0000000c     (__TI_handler_table)
                  0001dc8c    00000008     (.cinit..TI.bound:dmaUart0RxControlTableEntry.load) [load image, compression = zero_init]
                  0001dc94    00000008     (.cinit..TI.bound:dmaUart0TxControlTableEntry.load) [load image, compression = zero_init]
                  0001dc9c    00000008     (.cinit..bss.load) [load image, compression = zero_init]
                  0001dca4    00000008     (.cinit..ramVecs.load) [load image, compression = zero_init]
                  0001dcac    00000028     (__TI_cinit_table)

.init_array 
*          0    00000000    00000000     UNINITIALIZED

.ccfg      0    00057fa8    00000058     
                  00057fa8    00000058     ti_devices_config.o (.ccfg)

.data      0    20001900    00000b66     UNINITIALIZED
                  20001900    00000174     drivers_cc13x2.a : PowerCC26X2.c.obj (.data.PowerCC26X2_module)
                  20001a74    000000f4     StackWrapper.a : gapbondmgr.o (.data)
                  20001b68    000000b0     OneLib.a : gapgattserver.o (.data)
                  20001c18    0000007c     ti_drivers_config.o (.data.gpioPinConfigs)
                  20001c94    00000078     icall.o (.data..L_MergedGlobals.1)
                  20001d0c    00000073     ti_radio_config.o (.data.txPowerTable_2400_pa5_20)
                  20001d7f    00000001     drivers_cc13x2.a : AESCTRCC26XX.c.obj (.data.AESCTR_isInitialized)
                  20001d80    00000070     OneLib.a : ll_config.o (.data)
                  20001df0    00000068     rf_multiMode_cc13x2.a : RFCC26X2_multiMode.c.cc13x2.ticlang.o (.data..L_MergedGlobals.1)
                  20001e58    00000068     ti_sysbios_config.o (.data..L_MergedGlobals.71)
                  20001ec0    00000068     ti_sysbios_config.o (.data..L_MergedGlobals)
                  20001f28    00000068     ti_sysbios_config.o (.data.ti_sysbios_knl_Clock_Module_state)
                  20001f90    00000064     rf_multiMode_cc13x2.a : RFCC26X2_multiMode.c.cc13x2.ticlang.o (.data..L_MergedGlobals.3)
                  20001ff4    00000058                           : RFCC26X2_multiMode.c.cc13x2.ticlang.o (.data..L_MergedGlobals.2)
                  2000204c    00000050     ti_radio_config.o (.data.pOverrides_bleCommon)
                  2000209c    00000040     OneLib.a : gattservapp.o (.data)
                  200020dc    00000040              : sm_pairing.o (.data)
                  2000211c    0000003c     icall_user_config.o (.data.nvintfFncStruct)
                  20002158    0000003c     ti_sysbios_config.o (.data.ti_sysbios_knl_Task_Module_state)
                  20002194    00000038     drivers_cc13x2.a : TRNGCC26XX.c.obj (.data..L_MergedGlobals.1)
                  200021cc    00000004     icall.o (.data.ICall_dispatcher)
                  200021d0    00000030     drivers_cc13x2.a : TRNGCC26XX.c.obj (.data..L_MergedGlobals)
                  20002200    00000028     nvocmp.o (.data..L_MergedGlobals.1)
                  20002228    00000024     ble_user_config.o (.data.eccParams_NISTP256)
                  2000224c    00000024     ti_radio_config.o (.data.pOverrides_bleTxStd)
                  20002270    00000020     central.o (.data..L_MergedGlobals.59)
                  20002290    00000020     ti_radio_config.o (.data.pOverrides_bleTx20)
                  200022b0    0000001c     ti_radio_config.o (.data.pOverrides_ble2Mbps)
                  200022cc    00000018     central.o (.data..L_MergedGlobals)
                  200022e4    00000018     ti_radio_config.o (.data.pOverrides_ble1Mbps)
                  200022fc    00000015     ti_ble_config.o (.data.attDeviceName)
                  20002311    00000001     nvocmp.o (.data.NVOCMP_failF)
                  20002312    00000002     ble_user_config.o (.data.bleUserCfg_maxPduSize)
                  20002314    00000014     icall.o (.data..L_MergedGlobals)
                  20002328    00000014     StackWrapper.a : osal.o (.data)
                  2000233c    00000010     ti_ble_config.o (.data..L_MergedGlobals)
                  2000234c    00000010     ti_radio_config.o (.data.RF_modeBle)
                  2000235c    00000010     driverlib.lib : osc.o (.data._hposcCoeffs)
                  2000236c    00000010     icall_user_config.o (.data.bleAppServiceInfoTable)
                  2000237c    00000010     ti_radio_config.o (.data.pOverrides_bleCoded)
                  2000238c    00000010     main.o (.data.user0Cfg)
                  2000239c    00000010     OneLib.a : gattservapp.o (.data)
                  200023ac    00000010              : ll_data.o (.data)
                  200023bc    0000000c     drivers_cc13x2.a : NVSCC26XX.c.obj (.data..L_MergedGlobals)
                  200023c8    00000008     icall_cc2650.o (.data..L_MergedGlobals)
                  200023d0    00000008     rf_multiMode_cc13x2.a : RFCC26X2_multiMode.c.cc13x2.ticlang.o (.data..L_MergedGlobals)
                  200023d8    00000008                           : RFCC26X2_multiMode.c.cc13x2.ticlang.o (.data.RFCC26XX_schedulerPolicy)
                  200023e0    00000008     ti_sysbios_config.o (.data.ti_sysbios_gates_GateMutexPri_Module_state)
                  200023e8    00000008     ti_sysbios_config.o (.data.ti_sysbios_heaps_HeapCallback_Module_state)
                  200023f0    00000008     ti_sysbios_config.o (.data.ti_sysbios_knl_Event_state)
                  200023f8    00000008     ti_sysbios_config.o (.data.ti_sysbios_knl_Semaphore_Module_state)
                  20002400    00000008     OneLib.a : gapgattserver.o (.data)
                  20002408    00000008              : ll_master_end_causes.o (.data)
                  20002410    00000008     StackWrapper.a : gapbondmgr.o (.data)
                  20002418    00000006     ti_ble_config.o (.data.pRandomAddress)
                  2000241e    00000002     OneLib.a : ll.o (.data)
                  20002420    00000004     drivers_cc13x2.a : PowerCC26X2.c.obj (.data.PowerCC26X2_rtcSubSecInc)
                  20002424    00000004     rf_multiMode_cc13x2.a : RFCC26X2_multiMode.c.cc13x2.ticlang.o (.data.RF_fsmActiveState.lfClockSourceLast)
                  20002428    00000004     libc.a : _lock.c.obj (.data._lock)
                  2000242c    00000004            : _lock.c.obj (.data._unlock)
                  20002430    00000004     ble_user_config.o (.data.appAssertCback)
                  20002434    00000004     ble_user_config_stack.o (.data.icallServiceTblPtr)
                  20002438    00000004     icall_api_lite.o (.data.pRfErrCb)
                  2000243c    00000004     icall_api_lite.o (.data.pfnBMAlloc)
                  20002440    00000004     icall_api_lite.o (.data.pfnBMFree)
                  20002444    00000004     StackWrapper.a : hal_assert.o (.data)
                  20002448    00000002     OneLib.a : ll_config.o (.data)
                  2000244a    00000002     StackWrapper.a : osal_cbtimer.o (.data)
                  2000244c    00000001     drivers_cc13x2.a : PKAResourceCC26XX.c.obj (.data.PKAResourceCC26XX_pollingFlag)
                  2000244d    00000001     rf_multiMode_cc13x2.a : rf_patch_cpe_bt5.c.cc13x2.ticlang.o (.data.bBt5PatchEntered)
                  2000244e    00000001     drivers_cc13x2.a : GPIOCC26X2.c.obj (.data.initCalled)
                  2000244f    00000001                      : AESCCMCC26XX.c.obj (.data.isInitialized)
                  20002450    00000001                      : AESCTRDRBGXX.c.obj (.data.isInitialized)
                  20002451    00000001                      : AESECBCC26XX.c.obj (.data.isInitialized)
                  20002452    00000001                      : CryptoResourceCC26XX.c.obj (.data.isInitialized)
                  20002453    00000001                      : ECDHCC26X2.c.obj (.data.isInitialized)
                  20002454    00000001                      : NVS.c.obj (.data.isInitialized)
                  20002455    00000001                      : PKAResourceCC26XX.c.obj (.data.isInitialized)
                  20002456    00000001     OneLib.a : gapgattserver.o (.data)
                  20002457    00000001              : gapgattserver.o (.data)
                  20002458    00000001              : gapgattserver.o (.data)
                  20002459    00000001              : gapgattserver.o (.data)
                  2000245a    00000001              : gapgattserver.o (.data)
                  2000245b    00000001              : gapgattserver.o (.data)
                  2000245c    00000001              : gattservapp.o (.data)
                  2000245d    00000001              : gattservapp.o (.data)
                  2000245e    00000001              : ll.o (.data)
                  2000245f    00000001              : ll_ae.o (.data)
                  20002460    00000001              : ll_data.o (.data)
                  20002461    00000001              : ll_scheduler.o (.data)
                  20002462    00000001              : sm_task.o (.data)
                  20002463    00000001     StackWrapper.a : gap.o (.data)
                  20002464    00000001                    : gap.o (.data)
                  20002465    00000001                    : hal_assert.o (.data)

.bss       0    20002468    00001abe     UNINITIALIZED
                  20002468    00000400     (.common:scTaskStack)
                  20002868    00000300     (.common:ti_sysbios_knl_Idle_taskStack)
                  20002b68    000002c0     rf_multiMode_cc13x2.a : RFCC26X2_multiMode.c.cc13x2.ticlang.o (.bss.RF_cmdPool)
                  20002e28    00000200     central.o (.bss.connList)
                  20003028    00000170     (.common:uart2CC26X2Objects)
                  20003198    00000100     OneLib.a : ll.o (.bss)
                  20003298    000000d8     (.common:ti_sysbios_family_arm_m3_Hwi_dispatchTable)
                  20003370    000000a4     (.common:aesctrdrbgXXObjects)
                  20003414    000000a0              : ll_ae.o (.bss)
                  200034b4    00000084     (.common:trngCC26XXObjects)
                  20003538    00000080     ti_drivers_config.o (.bss.displayUART2Buffer)
                  200035b8    0000007c     (.common:gpioCallbackFunctions)
                  20003634    0000007c     (.common:gpioUserArgs)
                  200036b0    00000078     StackWrapper.a : osal_cbtimer.o (.bss)
                  20003728    00000068     rf_multiMode_cc13x2.a : RFCC26X2_multiMode.c.cc13x2.ticlang.o (.bss.RF_ratModule)
                  20003790    00000060     (.common:ti_sysbios_knl_ClockSupport_timerStruct)
                  200037f0    00000058     (.common:scTask)
                  20003848    00000058     (.common:ti_sysbios_knl_Idle_taskStruct)
                  200038a0    00000050     (.common:CryptoResourceCC26XX_accessSemaphore)
                  200038f0    00000050     (.common:CryptoResourceCC26XX_operationSemaphore)
                  20003940    00000050     (.common:PKAResourceCC26XX_accessSemaphore)
                  20003990    00000050     (.common:PKAResourceCC26XX_operationSemaphore)
                  200039e0    00000044                           : RFCC26X2_multiMode.c.cc13x2.ticlang.o (.bss.RF_clkInactivityObj)
                  20003a24    00000044                           : RFCC26X2_multiMode.c.cc13x2.ticlang.o (.bss.RF_clkPowerUpObj)
                  20003a68    0000003c                           : RFCC26X2_multiMode.c.cc13x2.ticlang.o (.bss.RF_swiHwObj)
                  20003aa4    0000003c     StackWrapper.a : osal_snv_wrapper.o (.bss)
                  20003ae0    00000030     (.common:ti_sysbios_knl_Swi_readyQs)
                  20003b10    00000030     (.common:ti_sysbios_knl_Task_readyQs)
                  20003b40    0000002e     (.common:NVOCMP_nvHandle)
                  20003b6e    00000002     OneLib.a : gapgattserver.o (.bss)
                  20003b70    0000002c              : ll.o (.bss)
                  20003b9c    00000028     (.common:aesecbCC26XXObjects)
                  20003bc4    00000024              : ll.o (.bss)
                  20003be8    00000020     ti_drivers_config.o (.bss.uart2RxRingBuffer0)
                  20003c08    00000020     ti_drivers_config.o (.bss.uart2TxRingBuffer0)
                  20003c28    00000020     OneLib.a : gattservapp.o (.bss)
                  20003c48    00000020              : ll_ae.o (.bss)
                  20003c68    00000020              : ll_ae.o (.bss)
                  20003c88    00000020     StackWrapper.a : gapbondmgr.o (.bss)
                  20003ca8    00000020                    : gapbondmgr.o (.bss)
                  20003cc8    00000020     (.common:ecdhCC26X2Objects)
                  20003ce8    00000020     (.common:ti_sysbios_runtime_System_atexitHandlers)
                  20003d08    00000020     (.common:udmaCC26XXObject)
                  20003d28    0000001c     drivers_cc13x2.a : GPIOCC26X2.c.obj (.bss.gpioHwi)
                  20003d44    0000001c     (.common:BIOS_heapCallbackObject)
                  20003d60    0000001c     (.common:BIOS_rtsGate)
                  20003d7c    0000001c     (.common:CryptoResourceCC26XX_hwi)
                  20003d98    0000001c     (.common:PKAResourceCC26XX_hwi)
                  20003db4    00000018     OneLib.a : gapgattserver.o (.bss)
                  20003dcc    00000018     (.common:aesccmCC26XXObjects)
                  20003de4    00000014     drivers_cc13x2.a : Random.c.obj (.bss.state)
                  20003df8    00000010     OneLib.a : ll.o (.bss)
                  20003e08    0000000f     util.o (.bss.Util_convertBdAddr2Str.str)
                  20003e17    00000001     OneLib.a : gap_scanner.o (.bss)
                  20003e18    0000000c              : ll.o (.bss)
                  20003e24    0000000c              : ll.o (.bss)
                  20003e30    0000000c              : ll_scheduler.o (.bss)
                  20003e3c    0000000c     (.common:displayUart2Object)
                  20003e48    00000008              : ll.o (.bss)
                  20003e50    00000008              : ll.o (.bss)
                  20003e58    00000008              : ll_ae.o (.bss)
                  20003e60    00000008     StackWrapper.a : gapbondmgr.o (.bss)
                  20003e68    00000004     driverlib.lib : osc.o (.bss.oscHfGlobals.0)
                  20003e6c    00000004                   : osc.o (.bss.oscHfGlobals.2)
                  20003e70    00000004                   : osc.o (.bss.oscHfGlobals.3)
                  20003e74    00000004                   : osc.o (.bss.oscHfGlobals.4)
                  20003e78    00000004     drivers_cc13x2.a : ECDHCC26X2.c.obj (.bss.resultPKAMemAddr)
                  20003e7c    00000004     OneLib.a : gapgattserver.o (.bss)
                  20003e80    00000004              : gatt_client.o (.bss)
                  20003e84    00000004              : gattservapp.o (.bss)
                  20003e88    00000004              : linkdb.o (.bss)
                  20003e8c    00000004              : ll.o (.bss)
                  20003e90    00000004              : ll.o (.bss)
                  20003e94    00000004              : ll.o (.bss)
                  20003e98    00000004              : ll.o (.bss)
                  20003e9c    00000004              : ll.o (.bss)
                  20003ea0    00000004              : ll_ae.o (.bss)
                  20003ea4    00000004              : ll_common.o (.bss)
                  20003ea8    00000004              : ll_enc.o (.bss)
                  20003eac    00000004              : ll_privacy.o (.bss)
                  20003eb0    00000004     StackWrapper.a : gapbondmgr.o (.bss)
                  20003eb4    00000004                    : gapbondmgr.o (.bss)
                  20003eb8    00000004                    : osal.o (.bss)
                  20003ebc    00000004                    : osal.o (.bss)
                  20003ec0    00000004                    : osal.o (.bss)
                  20003ec4    00000004                    : osal.o (.bss)
                  20003ec8    00000004                    : osal.o (.bss)
                  20003ecc    00000004                    : osal.o (.bss)
                  20003ed0    00000004                    : osal_bufmgr.o (.bss)
                  20003ed4    00000004                    : osal_bufmgr.o (.bss)
                  20003ed8    00000004                    : osal_clock.o (.bss)
                  20003edc    00000004                    : osal_clock.o (.bss)
                  20003ee0    00000004                    : osal_timers.o (.bss)
                  20003ee4    00000004                    : osal_timers.o (.bss)
                  20003ee8    00000004                    : osal_timers.o (.bss)
                  20003eec    00000004     (.common:HEAPMGR_SIZE)
                  20003ef0    00000004     (.common:PowerCC26XX_swiKey)
                  20003ef4    00000004     (.common:PowerCC26XX_taskKey)
                  20003ef8    00000004     (.common:tasksEvents)
                  20003efc    00000004     (.common:ti_sysbios_family_arm_cc26xx_TimestampProvider_Module_state)
                  20003f00    00000004     (.common:ti_sysbios_knl_Task_defaultStackHeap)
                  20003f04    00000002     OneLib.a : ll.o (.bss)
                  20003f06    00000002              : ll_ae.o (.bss)
                  20003f08    00000002     StackWrapper.a : osal_pwrmgr.o (.bss)
                  20003f0a    00000001     OneLib.a : gapgattserver.o (.bss)
                  20003f0b    00000001              : gattservapp.o (.bss)
                  20003f0c    00000001              : hci_tl.o (.bss)
                  20003f0d    00000001              : hci_tl.o (.bss)
                  20003f0e    00000001              : hci_tl.o (.bss)
                  20003f0f    00000001              : hci_tl.o (.bss)
                  20003f10    00000001              : hci_tl.o (.bss)
                  20003f11    00000001              : hci_tl.o (.bss)
                  20003f12    00000001              : ll.o (.bss)
                  20003f13    00000001              : ll.o (.bss)
                  20003f14    00000001              : ll.o (.bss)
                  20003f15    00000001              : ll.o (.bss)
                  20003f16    00000001              : ll.o (.bss)
                  20003f17    00000001              : ll_ae.o (.bss)
                  20003f18    00000001              : ll_config.o (.bss)
                  20003f19    00000001              : ll_config.o (.bss)
                  20003f1a    00000001              : ll_enc.o (.bss)
                  20003f1b    00000001              : ll_isr.o (.bss)
                  20003f1c    00000001              : sm_task.o (.bss)
                  20003f1d    00000001     StackWrapper.a : ble_dispatch_lite.o (.bss)
                  20003f1e    00000001                    : gapbondmgr.o (.bss)
                  20003f1f    00000001                    : gapbondmgr.o (.bss)
                  20003f20    00000001                    : hal_assert.o (.bss)
                  20003f21    00000001                    : osal.o (.bss)
                  20003f22    00000001                    : osal_pwrmgr.o (.bss)
                  20003f23    00000001     (.common:NVOCMP_size)
                  20003f24    00000001     (.common:gAction)
                  20003f25    00000001     (.common:nvsCC26XXObjects)

.vtable    0    20003f26    00000000     UNINITIALIZED

.vtable_ram 
*          0    20003f26    00000000     UNINITIALIZED

vtable_ram 
*          0    20003f26    00000000     UNINITIALIZED

.sysmem    0    20003f26    00000000     UNINITIALIZED

.nonretenvar 
*          0    20003f26    00000000     UNINITIALIZED

.ramVecs   0    20004000    000000d8     UNINITIALIZED
                  20004000    000000d8     ti_sysbios_config.o (.ramVecs)

.stack     0    20013c00    00000400     UNINITIALIZED
                  20013c00    00000004     sysbios.a : boot_cortex_m.c.obj (.stack)
                  20013c04    000003fc     --HOLE--

.TI.bound:flashBuf0 
*          0    00048000    00004000     UNINITIALIZED
                  00048000    00004000     ti_drivers_config.o (.TI.bound:flashBuf0)

.TI.bound:dmaUart0RxControlTableEntry 
*          0    20001810    00000010     UNINITIALIZED
                  20001810    00000010     ti_drivers_config.o (.TI.bound:dmaUart0RxControlTableEntry)

.TI.bound:dmaUart0TxControlTableEntry 
*          0    20001820    00000010     UNINITIALIZED
                  20001820    00000010     ti_drivers_config.o (.TI.bound:dmaUart0TxControlTableEntry)

.text      0    00000040    0001afb0     
                  00000040    00000b48     StackWrapper.a : gapbondmgr.o (.text)
                  00000b88    00000b0c     central.o (.text.Central_taskFxn)
                  00001694    000007dc     OneLib.a : ll_scheduler.o (.text)
                  00001e70    000006f8     StackWrapper.a : gapbondmgr.o (.text)
                  00002568    00000514     OneLib.a : ble.o (.text)
                  00002a7c    00000490     rf_multiMode_cc13x2.a : RFCC26X2_multiMode.c.cc13x2.ticlang.o (.text.RF_fsmActiveState)
                  00002f0c    00000488     OneLib.a : ll_init_end_causes.o (.text)
                  00003394    00000478              : ll_isr.o (.text)
                  0000380c    00000448              : ll.o (.text)
                  00003c54    0000041c              : ll_scheduler.o (.text)
                  00004070    000003c0              : ll_ae.o (.text)
                  00004430    00000398              : ble.o (.text)
                  000047c8    00000344              : ll_ae.o (.text)
                  00004b0c    00000340     ti_sysbios_config.o (.text.ti_sysbios_runtime_System_doPrint)
                  00004e4c    000002b0     StackWrapper.a : gapbondmgr.o (.text)
                  000050fc    000002a8     nvocmp.o (.text.NVOCMP_initNvApi)
                  000053a4    0000029c     rf_multiMode_cc13x2.a : RFCC26X2_multiMode.c.cc13x2.ticlang.o (.text.RF_open)
                  00005640    0000029c     OneLib.a : ll_isr.o (.text)
                  000058dc    00000294              : ll.o (.text)
                  00005b70    00000290              : ll_ae.o (.text)
                  00005e00    00000284     nvocmp.o (.text.NVOCMP_compactPage)
                  00006084    00000284     OneLib.a : ll_master_end_causes.o (.text)
                  00006308    00000264              : ll_common.o (.text)
                  0000656c    0000025c     StackWrapper.a : gapbondmgr.o (.text)
                  000067c8    0000024c     nvocmp.o (.text.NVOCMP_addItem)
                  00006a14    00000248     OneLib.a : ll_ae.o (.text)
                  00006c5c    00000238              : ll_data.o (.text)
                  00006e94    00000220     drivers_cc13x2.a : ECDHCC26X2.c.obj (.text.ECDHCC26X2_hwiFxn)
                  000070b4    00000204     OneLib.a : gattservapp.o (.text)
                  000072b8    000001fc              : ll.o (.text)
                  000074b4    000001f0     drivers_cc13x2.a : UART2CC26X2.c.obj (.text.UART2CC26X2_hwiIntFxn)
                  000076a4    000001e8     rf_multiMode_cc13x2.a : RFCC26X2_multiMode.c.cc13x2.ticlang.o (.text.RF_scheduleCmd)
                  0000788c    000001e0     StackWrapper.a : osal.o (.text)
                  00007a6c    000001dc     rf_multiMode_cc13x2.a : RFCC26X2_multiMode.c.cc13x2.ticlang.o (.text.RF_dispatchNextCmd)
                  00007c48    000001d4     OneLib.a : ll_isr.o (.text)
                  00007e1c    000001c8              : ll_ae.o (.text)
                  00007fe4    000001b6     libclang_rt.builtins.a : adddf3.S.obj (.text)
                  0000819a    00000002     ti_sysbios_config.o (.text.BIOS_nullFunc)
                  0000819c    000001a0     drivers_cc13x2.a : AESECBCC26XX.c.obj (.text.AESECB_addDataInternal)
                  0000833c    00000198     OneLib.a : ll_common.o (.text)
                  000084d4    00000196              : ll_common.o (.text)
                  0000866a    00000002     ti_drivers_config.o (.text.Board_initHook)
                  0000866c    00000194     drivers_cc13x2.a : PowerCC26X2_calibrateRCOSC.c.obj (.text.PowerCC26X2_auxISR)
                  00008800    0000018c                      : UART2CC26X2.c.obj (.text.UART2_open)
                  0000898c    00000188                      : AESCCMCC26XX.c.obj (.text.AESCCM_startOperation)
                  00008b14    00000184     OneLib.a : ll_isr.o (.text)
                  00008c98    00000180              : ll_master_end_causes.o (.text)
                  00008e18    0000017c     drivers_cc13x2.a : ECDHCC26X2.c.obj (.text.ECDH_computeSharedSecret)
                  00008f94    0000017c     OneLib.a : sm_intpairing.o (.text)
                  00009110    00000178              : gattservapp.o (.text)
                  00009288    00000174     drivers_cc13x2.a : UART2.c.obj (.text.UART2_writeTimeoutBlocking)
                  000093fc    00000174     OneLib.a : ll_scheduler.o (.text)
                  00009570    0000016c              : ll.o (.text)
                  000096dc    00000160     icall.o (.text.ICall_waitMatch)
                  0000983c    00000160     OneLib.a : ll_ae.o (.text)
                  0000999c    00000158     drivers_cc13x2.a : AESCTRCC26XX.c.obj (.text.AESCTR_processData)
                  00009af4    00000158                      : PowerCC26X2.c.obj (.text.Power_sleep)
                  00009c4c    00000158     OneLib.a : ll_common.o (.text)
                  00009da4    00000150              : gap_task.o (.text)
                  00009ef4    00000150              : ll_isr.o (.text)
                  0000a044    0000014c     rf_multiMode_cc13x2.a : RFCC26X2_multiMode.c.cc13x2.ticlang.o (.text.RF_radioOpDoneCb)
                  0000a190    00000144     ble_user_config_stack.o (.text.setBleUserConfig)
                  0000a2d4    00000004     drivers_cc13x2.a : AESCTRDRBGXX.c.obj (.text.AESCTRDRBG_getBytes)
                  0000a2d8    00000144     ti_sysbios_config.o (.text.ti_sysbios_runtime_System_printfExtend)
                  0000a41c    00000144     StackWrapper.a : osal.o (.text)
                  0000a560    00000140     OneLib.a : gattservapp.o (.text)
                  0000a6a0    00000140     StackWrapper.a : gap.o (.text)
                  0000a7e0    00000134     rf_multiMode_cc13x2.a : RFCC26X2_multiMode.c.cc13x2.ticlang.o (.text.RF_ratSetupChannel)
                  0000a914    00000130     driverlib.lib : aes.o (.text.NOROM_AESWriteToKeyStore)
                  0000aa44    00000130     OneLib.a : ll_isr.o (.text)
                  0000ab74    0000012c     rf_multiMode_cc13x2.a : RFCC26X2_multiMode.c.cc13x2.ticlang.o (.text.RF_close)
                  0000aca0    0000012c     drivers_cc13x2.a : TRNGCC26XX.c.obj (.text.TRNGCC26XX_hwiFxn)
                  0000adcc    00000124     rf_multiMode_cc13x2.a : RFCC26X2_multiMode.c.cc13x2.ticlang.o (.text.RF_abortCmd)
                  0000aef0    00000124                           : RFCC26X2_multiMode.c.cc13x2.ticlang.o (.text.RF_fsmSetupState)
                  0000b014    00000124     OneLib.a : ll_ae.o (.text)
                  0000b138    00000120     nvocmp.o (.text.NVOCMP_findItem)
                  0000b258    00000120     ti_sysbios_config.o (.text.ti_sysbios_family_arm_cc26xx_Timer_construct)
                  0000b378    00000120     OneLib.a : ll_common.o (.text)
                  0000b498    00000120              : ll_data.o (.text)
                  0000b5b8    0000011c     sysbios.a : Hwi_asm_gcc.s.obj (.text.ti_sysbios_family_arm_m3_Hwi_dispatch)
                  0000b6d4    0000011c     OneLib.a : sm_rsppairing.o (.text)
                  0000b7f0    0000011a     drivers_cc13x2.a : UART2.c.obj (.text.UART2_writeTimeoutNonblocking)
                  0000b90a    00000002     ble_user_config.o (.text.DefaultAssertCback)
                  0000b90c    00000118     drivers_cc13x2.a : PowerCC26X2.c.obj (.text.Power_init)
                  0000ba24    00000118     rf_multiMode_cc13x2.a : RFCC26X2_multiMode.c.cc13x2.ticlang.o (.text.RF_decodeOverridePointers)
                  0000bb3c    00000114     OneLib.a : ll_common.o (.text)
                  0000bc50    00000114              : ll_isr.o (.text)
                  0000bd64    0000010c     drivers_cc13x2.a : ECDHCC26X2.c.obj (.text.ECDH_generatePublicKey)
                  0000be70    0000010c                      : PowerCC26X2_calibrateRCOSC.c.obj (.text.PowerCC26X2_calibrate)
                  0000bf7c    0000010a     OneLib.a : gatt_client.o (.text)
                  0000c086    00000002     display_cc13x2.a : DisplayUart2.c.obj (.text.DisplayUart2Min_clear)
                  0000c088    00000108     drivers_cc13x2.a : NVSCC26XX.c.obj (.text.NVSCC26XX_write)
                  0000c190    00000108     rf_multiMode_cc13x2.a : RFCC26X2_multiMode.c.cc13x2.ticlang.o (.text.RF_fsmPowerUpState)
                  0000c298    00000108     OneLib.a : ll_scheduler.o (.text)
                  0000c3a0    00000104     drivers_cc13x2.a : GPIOCC26X2.c.obj (.text.GPIO_init)
                  0000c4a4    00000104                      : UART2CC26X2.c.obj (.text.UART2CC26X2_initHw)
                  0000c5a8    00000102                      : AESCTRDRBGXX.c.obj (.text.AESCTRDRBG_getRandomBytes)
                  0000c6aa    000000fe     OneLib.a : ll_scheduler.o (.text)
                  0000c7a8    000000fc     rf_multiMode_cc13x2.a : RFCC26X2_multiMode.c.cc13x2.ticlang.o (.text.RF_hwiCpe0Active)
                  0000c8a4    000000fc     libclang_rt.builtins.a : muldf3.S.obj (.text)
                  0000c9a0    000000f8     drivers_cc13x2.a : TRNGCC26XX.c.obj (.text.TRNG_getRandom)
                  0000ca98    000000f4     driverlib.lib : sys_ctrl.o (.text.NOROM_SysCtrlStandby)
                  0000cb8c    000000f0     drivers_cc13x2.a : UART2CC26X2.c.obj (.text.UART2Support_dmaStartRx)
                  0000cc7c    000000f0     OneLib.a : ll_ae.o (.text)
                  0000cd6c    000000f0              : ll_master_end_causes.o (.text)
                  0000ce5c    000000f0     StackWrapper.a : gapbondmgr.o (.text)
                  0000cf4c    000000ec     OneLib.a : ll_common.o (.text)
                  0000d038    000000ec              : ll_common.o (.text)
                  0000d124    000000e8     drivers_cc13x2.a : AESCTRDRBGXX.c.obj (.text.AESCTRDRBG_construct)
                  0000d20c    000000e4     driverlib.lib : setup.o (.text.NOROM_SetupTrimDevice)
                  0000d2f0    000000e4     ti_drivers_config.o (.text.rfDriverCallbackAntennaSwitching)
                  0000d3d4    000000e4     ti_sysbios_config.o (.text.ti_sysbios_knl_Semaphore_pend)
                  0000d4b8    000000e4     OneLib.a : ll_isr.o (.text)
                  0000d59c    000000e2              : gapgattserver.o (.text)
                  0000d67e    00000002     display_cc13x2.a : DisplayUart2.c.obj (.text.DisplayUart2Min_clearLines)
                  0000d680    000000e0     ti_sysbios_config.o (.text.ti_sysbios_knl_Event_pend)
                  0000d760    000000e0     OneLib.a : ll_scheduler.o (.text)
                  0000d840    000000e0     StackWrapper.a : osal_timers.o (.text)
                  0000d920    000000dc     rf_multiMode_cc13x2.a : RFCC26X2_multiMode.c.cc13x2.ticlang.o (.text.RF_control)
                  0000d9fc    000000dc     OneLib.a : ll_ae.o (.text)
                  0000dad8    000000d8     ti_sysbios_config.o (.text.ti_sysbios_family_arm_m3_Hwi_excFillContext)
                  0000dbb0    000000d8     OneLib.a : ll_isr.o (.text)
                  0000dc88    000000d0     drivers_cc13x2.a : PowerCC26X2.c.obj (.text.configureXOSCHF)
                  0000dd58    000000cc                      : AESCTRDRBGXX.c.obj (.text.AESCTRDRBG_reseed)
                  0000de24    000000cc     ti_sysbios_config.o (.text.ti_sysbios_knl_Clock_workFuncDynamic)
                  0000def0    000000cc     OneLib.a : hci_event.o (.text)
                  0000dfbc    000000cc     StackWrapper.a : osal.o (.text)
                  0000e088    000000ca     rf_multiMode_cc13x2.a : RFCC26X2_multiMode.c.cc13x2.ticlang.o (.text.RF_updatePaConfiguration)
                  0000e152    00000002     display_cc13x2.a : DisplayUart2.c.obj (.text.DisplayUart2Min_init)
                  0000e154    000000c8     OneLib.a : gap_scanner.o (.text)
                  0000e21c    000000c8              : ll.o (.text)
                  0000e2e4    000000c4     driverlib.lib : setup.o (.text.TrimAfterColdResetWakeupFromShutDown)
                  0000e3a8    000000c4     ti_ble_config.o (.text.setBondManagerParameters)
                  0000e46c    000000c4     OneLib.a : gapgattserver.o (.text)
                  0000e530    000000c4              : ll_ae.o (.text)
                  0000e5f4    000000c0              : ll.o (.text)
                  0000e6b4    000000c0              : ll.o (.text)
                  0000e774    000000c0              : ll_scheduler.o (.text)
                  0000e834    000000bc     rf_multiMode_cc13x2.a : RFCC26X2_multiMode.c.cc13x2.ticlang.o (.text.RF_swiHw)
                  0000e8f0    000000bc     drivers_cc13x2.a : UART2CC26X2.c.obj (.text.UART2Support_dmaStartTx)
                  0000e9ac    000000bc     OneLib.a : ble.o (.text)
                  0000ea68    000000bc              : ll_ecc.o (.text)
                  0000eb24    000000bc              : ll_scheduler.o (.text)
                  0000ebe0    000000b8     ti_sysbios_config.o (.text.ti_sysbios_knl_Task_Instance_finalize)
                  0000ec98    000000b8     StackWrapper.a : gattservapp_util.o (.text)
                  0000ed50    000000b4     drivers_cc13x2.a : ECDHCC26X2.c.obj (.text.ECDHCC26X2_getKeyResult)
                  0000ee04    000000b4     driverlib.lib : osc.o (.text.NOROM_OSCHF_AttemptToSwitchToXosc)
                  0000eeb8    000000b4     ti_sysbios_config.o (.text.PowerCC26XX_standbyPolicy)
                  0000ef6c    000000b4     drivers_cc13x2.a : PowerCC26X2.c.obj (.text.Power_releaseDependency)
                  0000f020    000000b4     ti_sysbios_config.o (.text.ti_sysbios_knl_Task_setPri)
                  0000f0d4    000000b4     OneLib.a : gap_scanner.o (.text)
                  0000f188    000000b4     StackWrapper.a : gapbondmgr.o (.text)
                  0000f23c    000000b0     drivers_cc13x2.a : PowerCC26X2.c.obj (.text.Power_setDependency)
                  0000f2ec    000000b0     OneLib.a : ll.o (.text)
                  0000f39c    000000b0              : ll_common.o (.text)
                  0000f44c    000000b0              : ll_enc.o (.text)
                  0000f4fc    000000b0     StackWrapper.a : gapbondmgr.o (.text)
                  0000f5ac    000000b0     libclang_rt.builtins.a : udivmoddi4.S.obj (.text)
                  0000f65c    000000ac     main.o (.text.AssertHandler)
                  0000f708    000000ac     rf_multiMode_cc13x2.a : RFCC26X2_multiMode.c.cc13x2.ticlang.o (.text.RF_pendCmd)
                  0000f7b4    000000ac     StackWrapper.a : gapbondmgr.o (.text)
                  0000f860    000000a8     OneLib.a : hci_data.o (.text)
                  0000f908    000000a8              : ll.o (.text)
                  0000f9b0    000000a8              : ll_common.o (.text)
                  0000fa58    000000a8     StackWrapper.a : osal_cbtimer.o (.text)
                  0000fb00    000000a4     drivers_cc13x2.a : AESCTRCC26XX.c.obj (.text.AESCTR_startOneStepOperation)
                  0000fba4    000000a4     icall.o (.text.ICall_heapMalloc)
                  0000fc48    000000a4     rf_multiMode_cc13x2.a : RFCC26X2_multiMode.c.cc13x2.ticlang.o (.text.RF_initRadioSetup)
                  0000fcec    000000a4     ti_sysbios_config.o (.text.ti_sysbios_knl_Task_Instance_init)
                  0000fd90    000000a4     OneLib.a : ll_ae.o (.text)
                  0000fe34    000000a0     rf_multiMode_cc13x2.a : RFCC26X2_multiMode.c.cc13x2.ticlang.o (.text.RF_calculateDispatchTime)
                  0000fed4    000000a0     OneLib.a : gattservapp.o (.text)
                  0000ff74    000000a0              : ll_common.o (.text)
                  00010014    000000a0              : ll_scheduler.o (.text)
                  000100b4    0000009c              : ll_common.o (.text)
                  00010150    0000009c              : ll_ecc.o (.text)
                  000101ec    0000009a     drivers_cc13x2.a : UART2.c.obj (.text.UART2_writeCancel)
                  00010286    00000002     rom_init.o (.text.MAP_HCI_CteRequestFailedEvent)
                  00010288    00000098     nvocmp.o (.text.NVOCMP_erase)
                  00010320    00000098     rf_multiMode_cc13x2.a : RFCC26X2_multiMode.c.cc13x2.ticlang.o (.text.RF_defaultSubmitPolicy)
                  000103b8    00000098     drivers_cc13x2.a : UART2CC26X2.c.obj (.text.UART2_close)
                  00010450    00000098     OneLib.a : gattservapp.o (.text)
                  000104e8    00000098              : hci_event.o (.text)
                  00010580    00000098              : ll_ae.o (.text)
                  00010618    00000098              : ll_isr.o (.text)
                  000106b0    00000096     rf_multiMode_cc13x2.a : RFCC26X2_multiMode.c.cc13x2.ticlang.o (.text.RF_verifyGap)
                  00010746    00000002     rom_init.o (.text.MAP_llClearPeriodicAdvSets)
                  00010748    00000094     rf_multiMode_cc13x2.a : RFCC26X2_multiMode.c.cc13x2.ticlang.o (.text.RF_ratRestartChannels)
                  000107dc    00000094     ti_sysbios_config.o (.text.ti_sysbios_knl_Clock_startI)
                  00010870    00000094     OneLib.a : gatt_server.o (.text)
                  00010904    00000094              : ll.o (.text)
                  00010998    00000094              : ll_ae.o (.text)
                  00010a2c    00000094              : ll_common.o (.text)
                  00010ac0    00000094              : ll_scheduler.o (.text)
                  00010b54    00000092              : gap_task.o (.text)
                  00010be6    00000002     rom_init.o (.text.MAP_llClearPeriodicScanSets)
                  00010be8    00000090     drivers_cc13x2.a : GPIOCC26XX.c.obj (.text.GPIO_setConfigAndMux)
                  00010c78    00000090     osal_icall_ble.o (.text.osalInitTasks)
                  00010d08    00000090     OneLib.a : ll.o (.text)
                  00010d98    00000090              : ll_common.o (.text)
                  00010e28    0000008c     drivers_cc13x2.a : TRNGCC26XX.c.obj (.text.TRNG_construct)
                  00010eb4    0000008c     ti_sysbios_config.o (.text.ti_sysbios_knl_Clock_init)
                  00010f40    0000008c     OneLib.a : ll_ae.o (.text)
                  00010fcc    00000088     rf_multiMode_cc13x2.a : RFCC26X2_multiMode.c.cc13x2.ticlang.o (.text.RF_cmdDispatchTime)
                  00011054    00000088                           : RFCC26X2_multiMode.c.cc13x2.ticlang.o (.text.RF_discardPendCmd)
                  000110dc    00000088     OneLib.a : sm_rsppairing.o (.text)
                  00011164    00000088     StackWrapper.a : osal_cbtimer.o (.text)
                  000111ec    00000084     icall.o (.text.ICall_setTimer)
                  00011270    00000084     nvocmp.o (.text.NVOCMP_readHeader)
                  000112f4    00000084     rf_multiMode_cc13x2.a : RFCC26X2_multiMode.c.cc13x2.ticlang.o (.text.RF_getInfo)
                  00011378    00000084     OneLib.a : ll_common.o (.text)
                  000113fc    00000080     drivers_cc13x2.a : AESCTRCC26XX.c.obj (.text.AESCTR_hwiFxn)
                  0001147c    00000080     driverlib.lib : sys_ctrl.o (.text.NOROM_SysCtrlSetRechargeBeforePowerDown)
                  000114fc    00000080     drivers_cc13x2.a : UART2CC26X2.c.obj (.text.UART2Support_dmaStopTx)
                  0001157c    00000080                      : NVSCC26XX.c.obj (.text.doErase)
                  000115fc    00000080     ti_sysbios_config.o (.text.ti_sysbios_family_arm_m3_Hwi_initNVIC)
                  0001167c    00000080     ti_sysbios_config.o (.text.ti_sysbios_gates_GateMutexPri_enter)
                  000116fc    00000080     OneLib.a : ll_enc.o (.text)
                  0001177c    0000007e     driverlib.lib : chipinfo.o (.text.NOROM_ChipInfo_GetChipType)
                  000117fa    0000007e     OneLib.a : gap_task.o (.text)
                  00011878    0000007c     rf_multiMode_cc13x2.a : RFCC26X2_multiMode.c.cc13x2.ticlang.o (.text.RF_ratDisableChannel)
                  000118f4    0000007c     icall.o (.text.icall_directAPI)
                  00011970    0000007c     ti_sysbios_config.o (.text.ti_sysbios_family_arm_m3_Hwi_postInit)
                  000119ec    0000007c     OneLib.a : ll_common.o (.text)
                  00011a68    0000007c              : ll_scheduler.o (.text)
                  00011ae4    0000007c     StackWrapper.a : gapbondmgr.o (.text)
                  00011b60    0000007a     drivers_cc13x2.a : AESCTRDRBGXX.c.obj (.text.AESCTRDRBGXX_updateState)
                  00011bda    00000002     rom_init.o (.text.MAP_llCoexInit)
                  00011bdc    00000078     icall.o (.text.ICall_heapInit)
                  00011c54    00000078     driverlib.lib : osc.o (.text.NOROM_OSCHF_SwitchToRcOscTurnOffXosc)
                  00011ccc    00000078                   : osc.o (.text.NOROM_OSC_CapArrayAdjustWorkaround_Boot)
                  00011d44    00000078     drivers_cc13x2.a : NVSCC26XX.c.obj (.text.NVSCC26XX_open)
                  00011dbc    00000078     rf_multiMode_cc13x2.a : RFCC26X2_multiMode.c.cc13x2.ticlang.o (.text.RF_ratFreeChannel)
                  00011e34    00000078     ti_sysbios_config.o (.text.ti_sysbios_knl_Task_postInit)
                  00011eac    00000078     OneLib.a : l2cap_task.o (.text)
                  00011f24    00000078     StackWrapper.a : osal_bufmgr.o (.text)
                  00011f9c    00000078                    : osal_cbtimer.o (.text)
                  00012014    00000076     OneLib.a : gattservapp.o (.text)
                  0001208a    00000076              : ll_common.o (.text)
                  00012100    00000076     StackWrapper.a : gap.o (.text)
                  00012176    00000002     rom_init.o (.text.MAP_llCoexSetParams)
                  00012178    00000074     nvocmp.o (.text.NVOCMP_readItemApi)
                  000121ec    00000074     drivers_cc13x2.a : PowerCC26X2_calibrateRCOSC_helpers.c.obj (.text.PowerCC26X2_updateSubSecInc)
                  00012260    00000074     rf_multiMode_cc13x2.a : RFCC26X2_multiMode.c.cc13x2.ticlang.o (.text.RF_hwiHw)
                  000122d4    00000074     ti_sysbios_config.o (.text.ti_sysbios_knl_Swi_restoreHwi)
                  00012348    00000074     ti_sysbios_config.o (.text.ti_sysbios_knl_Task_startup)
                  000123bc    00000074     OneLib.a : ll.o (.text)
                  00012430    00000074              : ll_common.o (.text)
                  000124a4    00000074              : ll_common.o (.text)
                  00012518    00000074              : ll_common.o (.text)
                  0001258c    00000074              : ll_enc.o (.text)
                  00012600    00000070     drivers_cc13x2.a : AESCCMCC26XX.c.obj (.text.AESCCM_cleanup)
                  00012670    00000070                      : AESCTRCC26XX.c.obj (.text.AESCTR_construct)
                  000126e0    00000070                      : AESECBCC26XX.c.obj (.text.AESECB_construct)
                  00012750    00000070     icall_cc2650.o (.text.ICallPlatform_pwrUpdActivityCounter)
                  000127c0    00000070     icall.o (.text.ICall_createRemoteTasksAtRuntime)
                  00012830    00000070     ti_sysbios_config.o (.text.ti_sysbios_family_arm_m3_Hwi_Instance_init)
                  000128a0    00000070     ti_sysbios_config.o (.text.ti_sysbios_runtime_System_formatNum)
                  00012910    00000070     OneLib.a : gatt_server.o (.text)
                  00012980    00000070              : ll_ae.o (.text)
                  000129f0    00000070              : ll_common.o (.text)
                  00012a60    00000070              : ll_common.o (.text)
                  00012ad0    00000070              : ll_enc.o (.text)
                  00012b40    00000070              : sm_rsppairing.o (.text)
                  00012bb0    00000070     StackWrapper.a : osal.o (.text)
                  00012c20    0000006e     libclang_rt.builtins.a : comparedf2.c.obj (.text.__gedf2)
                  00012c8e    00000002     rom_init.o (.text.MAP_llCoexUpdateCounters)
                  00012c90    0000006e     libclang_rt.builtins.a : comparedf2.c.obj (.text.__ledf2)
                  00012cfe    00000002     rom_init.o (.text.MAP_llDmmDynamicFree)
                  00012d00    0000006c     drivers_cc13x2.a : AESECBCC26XX.c.obj (.text.AESECB_hwiFxn)
                  00012d6c    0000006c     icall.o (.text.ICall_wait)
                  00012dd8    0000006c     nvocmp.o (.text.NVOCMP_eraseNvApi)
                  00012e44    0000006c     nvocmp.o (.text.NVOCMP_writeItemApi)
                  00012eb0    0000006c     rf_multiMode_cc13x2.a : RFCC26X2_multiMode.c.cc13x2.ticlang.o (.text.RF_getTxPower)
                  00012f1c    0000006c                           : RFCC26X2_multiMode.c.cc13x2.ticlang.o (.text.RF_issueRadioFreeCb)
                  00012f88    0000006c     drivers_cc13x2.a : Random.c.obj (.text.Random_seedAutomatic)
                  00012ff4    0000006c                      : PowerCC26X2.c.obj (.text.oscillatorISR)
                  00013060    0000006c     ti_sysbios_config.o (.text.ti_sysbios_family_arm_m3_Hwi_dispatchC)
                  000130cc    0000006c     OneLib.a : gatt_server.o (.text)
                  00013138    0000006c              : ll_isr.o (.text)
                  000131a4    0000006c     StackWrapper.a : osal_cbtimer.o (.text)
                  00013210    0000006a     nvocmp.o (.text.NVOCMP_verifyCRC)
                  0001327a    0000006a     libc.a : copy_decompress_lzss.c.obj (.text:decompress:lzss)
                  000132e4    00000068     central.o (.text.Central_autoConnect)
                  0001334c    00000068     icall.o (.text.ICall_enrollService)
                  000133b4    00000068     icall.o (.text.ICall_send)
                  0001341c    00000068     icall.o (.text.ICall_sendServiceComplete)
                  00013484    00000068     rf_multiMode_cc13x2.a : RFCC26X2_multiMode.c.cc13x2.ticlang.o (.text.RF_detachOverrides)
                  000134ec    00000068     drivers_cc13x2.a : UART2CC26X2.c.obj (.text.UART2Support_dmaStopRx)
                  00013554    00000068     ti_sysbios_config.o (.text.ti_sysbios_knl_Event_post)
                  000135bc    00000068     ti_sysbios_config.o (.text.ti_sysbios_knl_Swi_run)
                  00013624    00000068     OneLib.a : gap_task.o (.text)
                  0001368c    00000068              : ll.o (.text)
                  000136f4    00000068              : ll_ae.o (.text)
                  0001375c    00000068              : ll_common.o (.text)
                  000137c4    00000068     StackWrapper.a : osal_timers.o (.text)
                  0001382c    00000066                    : icall_lite_translation.o (.text)
                  00013892    00000002     rom_init.o (.text.MAP_llDmmSetThreshold)
                  00013894    00000064     drivers_cc13x2.a : AESCCMCC26XX.c.obj (.text.AESCCM_hwiFxn)
                  000138f8    00000064     central.o (.text.Central_doConnect)
                  0001395c    00000064     drivers_cc13x2.a : PowerCC26X2_calibrateRCOSC.c.obj (.text.PowerCC26X2_initiateCalibration)
                  000139c0    00000064     rf_multiMode_cc13x2.a : RFCC26X2_multiMode.c.cc13x2.ticlang.o (.text.RF_attachOverrides)
                  00013a24    00000064                           : RFCC26X2_multiMode.c.cc13x2.ticlang.o (.text.RF_dispatchNextEvent)
                  00013a88    00000064                           : RFCC26X2_multiMode.c.cc13x2.ticlang.o (.text.RF_hwiCpe0PowerFsm)
                  00013aec    00000064     drivers_cc13x2.a : UDMACC26XX.c.obj (.text.UDMACC26XX_open)
                  00013b50    00000064     ti_sysbios_config.o (.text.ti_sysbios_gates_GateMutexPri_leave)
                  00013bb4    00000064     ti_sysbios_config.o (.text.ti_sysbios_knl_Idle_init)
                  00013c18    00000064     ti_sysbios_config.o (.text.ti_sysbios_knl_TaskSupport_buildTaskStack)
                  00013c7c    00000064     OneLib.a : gapgattserver.o (.text)
                  00013ce0    00000064              : gattservapp.o (.text)
                  00013d44    00000064              : gattservapp.o (.text)
                  00013da8    00000064              : ll_common.o (.text)
                  00013e0c    00000064              : ll_scheduler.o (.text)
                  00013e70    00000062     rf_multiMode_cc13x2.a : RFCC26X2_multiMode.c.cc13x2.ticlang.o (.text.RF_syncCb)
                  00013ed2    00000002     rom_init.o (.text.MAP_llHealthUpdate)
                  00013ed4    00000062     libclang_rt.builtins.a : aeabi_dcmp.S.obj (.text)
                  00013f36    00000002     rom_init.o (.text.MAP_llPeriodicScan_PostProcess)
                  00013f38    00000060     drivers_cc13x2.a : CryptoResourceCC26XX.c.obj (.text.CryptoResourceCC26XX_constructRTOSObjects)
                  00013f98    00000060     nvocmp.o (.text.NVOCMP_checkItem)
                  00013ff8    00000060     drivers_cc13x2.a : PKAResourceCC26XX.c.obj (.text.PKAResourceCC26XX_constructRTOSObjects)
                  00014058    00000060     main.o (.text.main)
                  000140b8    00000060     osal_icall_ble.o (.text.stack_main)
                  00014118    00000060     ti_sysbios_config.o (.text.ti_sysbios_knl_Clock_walkQueueDynamic)
                  00014178    00000060     ti_sysbios_config.o (.text.ti_sysbios_knl_Semaphore_post)
                  000141d8    00000060     ti_sysbios_config.o (.text.ti_sysbios_knl_Swi_schedule)
                  00014238    00000060     OneLib.a : ll_common.o (.text)
                  00014298    00000060              : sm_pairing.o (.text)
                  000142f8    00000060     StackWrapper.a : gapbondmgr.o (.text)
                  00014358    0000005e     rf_multiMode_cc13x2.a : rfc.c.cc13x2.ticlang.o (.text.NOROM_RFCAnaDivTxOverride)
                  000143b6    0000005e     OneLib.a : ll_common.o (.text)
                  00014414    0000005c     drivers_cc13x2.a : TRNGCC26XX.c.obj (.text.TRNGCC26XX_startTrng)
                  00014470    0000005c     OneLib.a : gap_perilinkmgr.o (.text)
                  000144cc    0000005c              : ll_isr.o (.text)
                  00014528    0000005c              : ll_scheduler.o (.text)
                  00014584    0000005c              : sm_intpairing.o (.text)
                  000145e0    0000005c              : sm_rsppairing.o (.text)
                  0001463c    0000005c     StackWrapper.a : gapbondmgr.o (.text)
                  00014698    00000058     drivers_cc13x2.a : ECDHCC26X2.c.obj (.text.ECDH_construct)
                  000146f0    00000058     icall.o (.text.HEAPMGR_GETLARGESTFREEBUF)
                  00014748    00000058     icall.o (.text.ICall_fetchMsg)
                  000147a0    00000058     rf_multiMode_cc13x2.a : RFCC26X2_multiMode.c.cc13x2.ticlang.o (.text.RF_applyRfCorePatch)
                  000147f8    00000058     drivers_cc13x2.a : TRNGCC26XX.c.obj (.text.TRNG_init)
                  00014850    00000058     sysbios.a : Hwi_asm_switch_gcc.s.obj (.text.ti_sysbios_family_arm_m3_Hwi_initStacks)
                  000148a8    00000058     OneLib.a : gap_scanner.o (.text)
                  00014900    00000058              : ll_ae.o (.text)
                  00014958    00000058              : ll_common.o (.text)
                  000149b0    00000058              : ll_enc.o (.text)
                  00014a08    00000058              : sm_pairing.o (.text)
                  00014a60    00000058     StackWrapper.a : sm_ecc.o (.text)
                  00014ab8    00000056     drivers_cc13x2.a : StructRingBuf.c.obj (.text.StructRingBuf_put)
                  00014b0e    00000056                      : UART2.c.obj (.text.UART2_readCancel)
                  00014b64    00000056     StackWrapper.a : gapbondmgr.o (.text)
                  00014bba    00000002     rom_init.o (.text.MAP_llProcessPeriodicScanRxFIFO)
                  00014bbc    00000054     drivers_cc13x2.a : AESCCMCC26XX.c.obj (.text.AESCCM_construct)
                  00014c10    00000054     icall.o (.text.ICall_registerApp)
                  00014c64    00000054     nvocmp.o (.text.NVOCMP_compactNvApi)
                  00014cb8    00000054     nvocmp.o (.text.NVOCMP_getDstPage)
                  00014d0c    00000054     rf_multiMode_cc13x2.a : RFCC26X2_multiMode.c.cc13x2.ticlang.o (.text.RF_getCurrentTime)
                  00014d60    00000054     OneLib.a : gattservapp.o (.text)
                  00014db4    00000054              : hci_event.o (.text)
                  00014e08    00000054              : linkdb.o (.text)
                  00014e5c    00000054              : ll.o (.text)
                  00014eb0    00000054              : ll_ae.o (.text)
                  00014f04    00000052     display_cc13x2.a : DisplayUart2.c.obj (.text.DisplayUart2Min_vprintf)
                  00014f56    00000052     driverlib.lib : chipinfo.o (.text.NOROM_ChipInfo_GetHwRevision)
                  00014fa8    00000052     OneLib.a : gap_centlinkmgr.o (.text)
                  00014ffa    00000002     rom_init.o (.text.MAP_llSetPeriodicSyncInfo)
                  00014ffc    00000050     ti_drivers_config.o (.text.Board_shutDownExtFlash)
                  0001504c    00000050     display_cc13x2.a : Display.c.obj (.text.Display_doOpen)
                  0001509c    00000050     nvocmp.o (.text.NVOCMP_loadApiPtrsMin)
                  000150ec    00000050     rf_multiMode_cc13x2.a : RFCC26X2_multiMode.c.cc13x2.ticlang.o (.text.RF_wakeupNotification)
                  0001513c    00000050     ti_sysbios_config.o (.text.ti_sysbios_knl_Swi_post)
                  0001518c    00000050     ti_sysbios_config.o (.text.ti_sysbios_knl_Swi_runLoop)
                  000151dc    00000050     ti_sysbios_config.o (.text.ti_sysbios_knl_Task_schedule)
                  0001522c    00000050     OneLib.a : gap_perilinkmgr.o (.text)
                  0001527c    00000050              : gattservapp.o (.text)
                  000152cc    00000050              : hci_tl.o (.text)
                  0001531c    00000050              : ll_enc.o (.text)
                  0001536c    00000050     StackWrapper.a : osal.o (.text)
                  000153bc    00000050                    : osal_clock.o (.text)
                  0001540c    0000004e     drivers_cc13x2.a : AESECBCC26XX.c.obj (.text.AESECB_startOperation)
                  0001545a    0000004e     ti_drivers_config.o (.text.Board_sendExtFlashByte)
                  000154a8    0000004e     nvocmp.o (.text.NVOCMP_readItem)
                  000154f6    0000004e     StackWrapper.a : gap.o (.text)
                  00015544    0000004c     ti_sysbios_config.o (.text.BIOS_startFunc)
                  00015590    0000004c     drivers_cc13x2.a : CryptoUtils.c.obj (.text.CryptoUtils_reverseCopyPad)
                  000155dc    0000004c     icall.o (.text.ICall_newTask)
                  00015628    0000004c     driverlib.lib : osc.o (.text.NOROM_OSC_HPOSCRelativeFrequencyOffsetGet)
                  00015674    0000004c     nvocmp.o (.text.NVOCMP_setItemInactive)
                  000156c0    0000004c     drivers_cc13x2.a : NVSCC26XX.c.obj (.text.NVSCC26XX_init)
                  0001570c    0000004c                      : NVSCC26XX.c.obj (.text.NVSCC26XX_read)
                  00015758    0000004c     rf_multiMode_cc13x2.a : RFCC26X2_multiMode.c.cc13x2.ticlang.o (.text.RF_fsmXOSCState)
                  000157a4    0000004c     drivers_cc13x2.a : StructRingBuf.c.obj (.text.StructRingBuf_get)
                  000157f0    0000004c     rf_multiMode_cc13x2.a : rf_patch_cpe_bt5.c.cc13x2.ticlang.o (.text.configureBt5Patch)
                  0001583c    0000004c     drivers_cc13x2.a : PowerCC26X2.c.obj (.text.switchXOSCHF)
                  00015888    0000004c     ti_sysbios_config.o (.text.ti_sysbios_knl_Swi_Instance_init)
                  000158d4    0000004c     ti_sysbios_config.o (.text.ti_sysbios_runtime_Startup_exec)
                  00015920    0000004c     OneLib.a : ble.o (.text)
                  0001596c    0000004c              : ll_common.o (.text)
                  000159b8    0000004c              : ll_scheduler.o (.text)
                  00015a04    0000004c              : ll_scheduler.o (.text)
                  00015a50    0000004c     StackWrapper.a : gattservapp_util.o (.text)
                  00015a9c    00000048     rom_init.o (.text.MAP_llInitFeatureSet)
                  00015ae4    00000048     driverlib.lib : aux_sysif.o (.text.NOROM_AUXSYSIFOpModeChange)
                  00015b2c    00000048     rf_multiMode_cc13x2.a : rfc.c.cc13x2.ticlang.o (.text.NOROM_RFCSynthPowerDown)
                  00015b74    00000048     drivers_cc13x2.a : NVS.c.obj (.text.NVS_open)
                  00015bbc    00000048                      : PowerCC26X2.c.obj (.text.PowerCC26XX_switchXOSC_HF)
                  00015c04    00000048     ti_sysbios_config.o (.text.ti_sysbios_family_arm_cc26xx_Timer_start)
                  00015c4c    00000048     OneLib.a : att_util.o (.text)
                  00015c94    00000048              : gattservapp.o (.text)
                  00015cdc    00000048              : ll.o (.text)
                  00015d24    00000048              : ll.o (.text)
                  00015d6c    00000048              : ll.o (.text)
                  00015db4    00000048              : ll_common.o (.text)
                  00015dfc    00000048              : ll_common.o (.text)
                  00015e44    00000048              : ll_isr.o (.text)
                  00015e8c    00000048              : ll_isr.o (.text)
                  00015ed4    00000048     libclang_rt.builtins.a : fixdfsi.S.obj (.text)
                  00015f1c    00000046     drivers_cc13x2.a : RingBuf.c.obj (.text.RingBuf_put)
                  00015f62    00000002     rom_init.o (.text.MAP_llSlave_TaskEnd)
                  00015f64    00000044     ti_sysbios_config.o (.text.BIOS_atExitFunc)
                  00015fa8    00000044     central.o (.text.Central_passcodeCb)
                  00015fec    00000044     drivers_cc13x2.a : GPIOCC26X2.c.obj (.text.GPIO_hwiIntFxn)
                  00016030    00000044     icall.o (.text.ICall_getEntityId)
                  00016074    00000044     driverlib.lib : prcm.o (.text.NOROM_PRCMPowerDomainsAllOff)
                  000160b8    00000044                   : prcm.o (.text.NOROM_PRCMPowerDomainsAllOn)
                  000160fc    00000044     rf_multiMode_cc13x2.a : RFCC26X2_multiMode.c.cc13x2.ticlang.o (.text.RF_cmdGet)
                  00016140    00000044                           : RFCC26X2_multiMode.c.cc13x2.ticlang.o (.text.RF_updatePowerupDuration)
                  00016184    00000044     ti_sysbios_config.o (.text.ti_sysbios_family_arm_m3_Hwi_Instance_finalize)
                  000161c8    00000044     ti_sysbios_config.o (.text.ti_sysbios_family_arm_m3_Hwi_construct2)
                  0001620c    00000044     ti_sysbios_config.o (.text.ti_sysbios_family_arm_m3_Hwi_disableInterrupt)
                  00016250    00000044     ti_sysbios_config.o (.text.ti_sysbios_family_arm_m3_Hwi_enableInterrupt)
                  00016294    00000044     ti_sysbios_config.o (.text.ti_sysbios_knl_Swi_restore)
                  000162d8    00000044     OneLib.a : ll.o (.text)
                  0001631c    00000044              : ll.o (.text)
                  00016360    00000044     StackWrapper.a : osal.o (.text)
                  000163a4    00000044                    : osal_timers.o (.text)
                  000163e8    00000044     libclang_rt.builtins.a : fixunsdfsi.S.obj (.text)
                  0001642c    00000042     OneLib.a : ll.o (.text)
                  0001646e    00000042              : ll_common.o (.text)
                  000164b0    00000040     drivers_cc13x2.a : AESCTRDRBGXX.c.obj (.text.AESCTRDRBGXX_addBigendCounter)
                  000164f0    00000040                      : ECDHCC26X2.c.obj (.text.ECDHCC26X2_waitForResult)
                  00016530    00000040     icall.o (.text.ICall_setTimerMSecs)
                  00016570    00000040     drivers_cc13x2.a : PowerCC26X2_calibrateRCOSC.c.obj (.text.PowerCC26X2_RCOSC_clockFunc)
                  000165b0    00000040                      : PowerCC26X2_calibrateRCOSC_helpers.c.obj (.text.PowerCC26X2_setAclkRefSrc)
                  000165f0    00000040     util.o (.text.Util_convertBdAddr2Str)
                  00016630    00000040     drivers_cc13x2.a : NVSCC26XX.c.obj (.text.disableFlashCache)
                  00016670    00000040     ti_sysbios_config.o (.text.ti_sysbios_knl_Clock_getTicksUntilInterrupt)
                  000166b0    00000040     ti_sysbios_config.o (.text.ti_sysbios_knl_Task_exit)
                  000166f0    00000040     OneLib.a : gap_configmgr.o (.text)
                  00016730    00000040              : gattservapp.o (.text)
                  00016770    00000040              : ll_common.o (.text)
                  000167b0    00000040              : ll_common.o (.text)
                  000167f0    00000040              : sm_intpairing.o (.text)
                  00016830    00000040     StackWrapper.a : osal.o (.text)
                  00016870    00000040                    : osal_bufmgr.o (.text)
                  000168b0    00000040                    : osal_bufmgr.o (.text)
                  000168f0    00000040                    : osal_timers.o (.text)
                  00016930    0000003e     OneLib.a : ll_common.o (.text)
                  0001696e    0000003c     display_cc13x2.a : DisplayUart2.c.obj (.text.DisplayUart2Min_open)
                  000169aa    00000002     rom_init.o (.text.MAP_llTerminatePeriodicScan)
                  000169ac    0000003c     drivers_cc13x2.a : GPIO.c.obj (.text.GPIO_resetConfig)
                  000169e8    0000003c     ti_sysbios_config.o (.text.HwiP_construct)
                  00016a24    0000003c     icall.o (.text.ICall_dispatch)
                  00016a60    0000003c     driverlib.lib : sys_ctrl.o (.text.NOROM_SysCtrlIdle)
                  00016a9c    0000003c     nvocmp.o (.text.NVOCMP_getFreeNvApi)
                  00016ad8    0000003c     drivers_cc13x2.a : PowerCC26X2_calibrateRCOSC_helpers.c.obj (.text.PowerCC26X2_setTdcClkSrc24M)
                  00016b14    0000003c     ti_sysbios_config.o (.text.ti_sysbios_family_arm_cc26xx_Timer_periodicStub)
                  00016b50    0000003c     ti_sysbios_config.o (.text.ti_sysbios_family_arm_cc26xx_Timer_setThreshold)
                  00016b8c    0000003c     ti_sysbios_config.o (.text.ti_sysbios_heaps_HeapCallback_construct)
                  00016bc8    0000003c     ti_sysbios_config.o (.text.ti_sysbios_knl_ClockSupport_init)
                  00016c04    0000003c     ti_sysbios_config.o (.text.ti_sysbios_knl_Task_blockI)
                  00016c40    0000003c     ti_sysbios_config.o (.text.ti_sysbios_knl_Task_create)
                  00016c7c    0000003c     ti_sysbios_config.o (.text.ti_sysbios_knl_Task_restore)
                  00016cb8    0000003c     ti_sysbios_config.o (.text.ti_sysbios_runtime_Memory_alloc)
                  00016cf4    0000003c     OneLib.a : gap_linkmgr.o (.text)
                  00016d30    0000003c              : gattservapp.o (.text)
                  00016d6c    0000003c              : gattservapp.o (.text)
                  00016da8    0000003c              : gattservapp.o (.text)
                  00016de4    0000003c              : hci_event.o (.text)
                  00016e20    0000003c              : hci_tl.o (.text)
                  00016e5c    0000003c              : linkdb.o (.text)
                  00016e98    0000003c              : ll_ae.o (.text)
                  00016ed4    0000003c              : ll_ae.o (.text)
                  00016f10    0000003c     StackWrapper.a : osal.o (.text)
                  00016f4c    0000003c                    : osal.o (.text)
                  00016f88    0000003c                    : osal.o (.text)
                  00016fc4    0000003c                    : osal_timers.o (.text)
                  00017000    0000003c                    : sm_ecc.o (.text)
                  0001703c    0000003a     central.o (.text.Central_scanCb)
                  00017076    0000003a     drivers_cc13x2.a : CryptoUtils.c.obj (.text.CryptoUtils_copyPad)
                  000170b0    0000003a     ti_sysbios_config.o (.text.ti_sysbios_knl_Task_checkStacks)
                  000170ea    0000003a     StackWrapper.a : osal.o (.text)
                  00017124    00000038     drivers_cc13x2.a : AESCTRCC26XX.c.obj (.text.AESCTR_cleanup)
                  0001715c    00000038                      : AESECBCC26XX.c.obj (.text.AESECB_cleanup)
                  00017194    00000038     central.o (.text.Central_createTask)
                  000171cc    00000038     icall.o (.text.ICall_heapFree)
                  00017204    00000038     icall.o (.text.ICall_searchServiceEntity)
                  0001723c    00000038     nvocmp.o (.text.NVOCMP_disableCache)
                  00017274    00000038     nvocmp.o (.text.NVOCMP_write)
                  000172ac    00000038     drivers_cc13x2.a : PowerCC26X2_helpers.c.obj (.text.PowerCC26X2_oscDisableQualifiers)
                  000172e4    00000038                      : Random.c.obj (.text.Random_getNumber)
                  0001731c    00000038                      : RingBuf.c.obj (.text.RingBuf_putAdvance)
                  00017354    00000038                      : UDMACC26XX.c.obj (.text.UDMACC26XX_close)
                  0001738c    00000038     rf_multiMode_cc13x2.a : rf_patch_cpe_bt5.c.cc13x2.ticlang.o (.text.rf_patch_cpe_bt5)
                  000173c4    00000038     ti_sysbios_config.o (.text.ti_sysbios_knl_Task_processVitalTaskFlag)
                  000173fc    00000038     OneLib.a : hci.o (.text)
                  00017434    00000038              : linkdb.o (.text)
                  0001746c    00000038              : ll_ae.o (.text)
                  000174a4    00000038              : ll_ae.o (.text)
                  000174dc    00000038              : ll_enc.o (.text)
                  00017514    00000038              : ll_scheduler.o (.text)
                  0001754c    00000038              : ll_scheduler.o (.text)
                  00017584    00000038              : ll_scheduler.o (.text)
                  000175bc    00000038              : sm_rsppairing.o (.text)
                  000175f4    00000038     StackWrapper.a : gattservapp_util.o (.text)
                  0001762c    00000038                    : osal_timers.o (.text)
                  00017664    00000038     libc.a : autoinit.c.obj (.text:__TI_auto_init_nobinit_nopinit)
                  0001769c    00000038     libclang_rt.builtins.a : extendsfdf2.S.obj (.text)
                  000176d4    00000036     drivers_cc13x2.a : CryptoUtils.c.obj (.text.CryptoUtils_buffersMatch)
                  0001770a    00000036     icall.o (.text.ICall_fetchServiceMsg)
                  00017740    00000036     StackWrapper.a : ble_dispatch_lite.o (.text)
                  00017776    00000002     rom_init.o (.text.MAP_llUpdateCteState)
                  00017778    00000034     central.o (.text.Central_enqueueMsg)
                  000177ac    00000034     icall.o (.text.ICall_searchTask)
                  000177e0    00000034     nvocmp.o (.text.NVOCMP_changePageState)
                  00017814    00000034     drivers_cc13x2.a : PowerCC26X2_helpers.c.obj (.text.PowerCC26X2_setSubSecIncToXoscLf)
                  00017848    00000034                      : PowerCC26X2.c.obj (.text.Power_releaseConstraint)
                  0001787c    00000034     rf_multiMode_cc13x2.a : RFCC26X2_multiMode.c.cc13x2.ticlang.o (.text.RF_powerConstraintRelease)
                  000178b0    00000034                           : RFCC26X2_multiMode.c.cc13x2.ticlang.o (.text.RF_runDirectImmediateCmd)
                  000178e4    00000034     ti_sysbios_config.o (.text.SwiP_construct)
                  00017918    00000034     drivers_cc13x2.a : UART2CC26X2.c.obj (.text.UART2Support_sendData)
                  0001794c    00000034                      : UART2.c.obj (.text.UART2_rxDisable)
                  00017980    00000034     util.o (.text.Util_enqueueMsg)
                  000179b4    00000034     ti_sysbios_config.o (.text._pthread_cleanupFxn)
                  000179e8    00000034     ti_sysbios_config.o (.text.ti_sysbios_family_arm_m3_Hwi_getStackInfo)
                  00017a1c    00000034     ti_sysbios_config.o (.text.ti_sysbios_family_arm_m3_Hwi_init)
                  00017a50    00000034     ti_sysbios_config.o (.text.ti_sysbios_knl_Clock_Instance_init)
                  00017a84    00000034     ti_sysbios_config.o (.text.ti_sysbios_knl_Task_unblockI)
                  00017ab8    00000034     ti_sysbios_config.o (.text.ti_sysbios_runtime_Error_raiseX)
                  00017aec    00000034     OneLib.a : hci.o (.text)
                  00017b20    00000034     StackWrapper.a : gapbondmgr.o (.text)
                  00017b54    00000034                    : icall_startup.o (.text)
                  00017b88    00000034     sysbios.a : boot_cortex_m.c.obj (.text:_c_int00)
                  00017bbc    00000032     ti_sysbios_config.o (.text.ti_sysbios_knl_Event_pendTimeout)
                  00017bee    00000032     ti_sysbios_config.o (.text.ti_sysbios_knl_Semaphore_pendTimeout)
                  00017c20    00000030     ti_sysbios_config.o (.text.BIOS_init)
                  00017c50    00000030     ti_drivers_config.o (.text.Board_wakeUpExtFlash)
                  00017c80    00000030     ti_sysbios_config.o (.text.ClockP_construct)
                  00017cb0    00000030     icall.o (.text.ICall_primEntityId2ServiceId)
                  00017ce0    00000030     drivers_cc13x2.a : NVSCC26XX.c.obj (.text.NVSCC26XX_erase)
                  00017d10    00000030                      : PowerCC26X2.c.obj (.text.Power_setConstraint)
                  00017d40    00000030     rf_multiMode_cc13x2.a : RFCC26X2_multiMode.c.cc13x2.ticlang.o (.text.RF_checkCmdFsError)
                  00017d70    00000030     rom_init.o (.text.ROM_Init)
                  00017da0    00000030     drivers_cc13x2.a : PowerCC26X2.c.obj (.text.notify)
                  00017dd0    00000030     ti_sysbios_config.o (.text.ti_sysbios_family_arm_m3_Hwi_excHandlerMin)
                  00017e00    00000030     ti_sysbios_config.o (.text.ti_sysbios_knl_TaskSupport_start)
                  00017e30    00000030     ti_sysbios_config.o (.text.ti_sysbios_runtime_System_atexit)
                  00017e60    00000030     ti_sysbios_config.o (.text.ti_sysbios_runtime_System_processAtExit)
                  00017e90    00000030     OneLib.a : gap_scanner.o (.text)
                  00017ec0    00000030              : ll.o (.text)
                  00017ef0    00000030              : ll_ae.o (.text)
                  00017f20    00000030              : ll_scheduler.o (.text)
                  00017f50    00000030     StackWrapper.a : osal_timers.o (.text)
                  00017f80    0000002e     central.o (.text.Central_pairStateCb)
                  00017fae    00000002     rom_init.o (.text.MAP_llUpdateExtScanAcceptSyncInfo)
                  00017fb0    0000002e     driverlib.lib : chipinfo.o (.text.NOROM_ThisLibraryIsFor_CC13x2_CC26x2_HwRev20AndLater_HaltIfViolated)
                  00017fde    0000002e     rf_multiMode_cc13x2.a : RFCC26X2_multiMode.c.cc13x2.ticlang.o (.text.RF_calculateDeltaTimeUs)
                  0001800c    0000002e     drivers_cc13x2.a : RingBuf.c.obj (.text.RingBuf_getConsume)
                  0001803a    0000002e                      : RingBuf.c.obj (.text.RingBuf_putPointer)
                  00018068    0000002e     OneLib.a : gattservapp.o (.text)
                  00018096    0000002e              : gattservapp.o (.text)
                  000180c4    0000002e     libclang_rt.builtins.a : floatsidf.S.obj (.text)
                  000180f2    00000002     rom_init.o (.text.MAP_llUpdatePeriodicAdvChainPacket)
                  000180f4    0000002c     central.o (.text.Central_getConnAddrStr)
                  00018120    0000002c     icall_cc2650.o (.text.ICallPlatform_pwrDispenseImpl)
                  0001814c    0000002c     icall_cc2650.o (.text.ICallPlatform_pwrRequireImpl)
                  00018178    0000002c     icall.o (.text.ICall_getLocalMsgEntityId)
                  000181a4    0000002c     icall.o (.text.ICall_init)
                  000181d0    0000002c     nvocmp.o (.text.NVOCMP_setCompactHdr)
                  000181fc    0000002c     drivers_cc13x2.a : NVS.c.obj (.text.NVS_init)
                  00018228    0000002c     ti_sysbios_config.o (.text.PowerCC26XX_schedulerDisable)
                  00018254    0000002c     rf_multiMode_cc13x2.a : RFCC26X2_multiMode.c.cc13x2.ticlang.o (.text.RF_executeDirectImmediateCmd)
                  00018280    0000002c     drivers_cc13x2.a : TRNGCC26XX.c.obj (.text.TRNGCC26XX_stopTrng)
                  000182ac    0000002c                      : UART2CC26X2.c.obj (.text.UART2CC26X2_getRxData)
                  000182d8    0000002c     ti_sysbios_config.o (.text._pthread_delete)
                  00018304    0000002c     ti_sysbios_config.o (.text.ti_sysbios_knl_Clock_getTicks)
                  00018330    0000002c     ti_sysbios_config.o (.text.ti_sysbios_knl_Clock_getTimeout)
                  0001835c    0000002c     ti_sysbios_config.o (.text.ti_sysbios_knl_Swi_setPri)
                  00018388    0000002c     ti_sysbios_config.o (.text.ti_sysbios_knl_Task_restoreHwi)
                  000183b4    0000002c     OneLib.a : gatt_task.o (.text)
                  000183e0    0000002c              : gattservapp.o (.text)
                  0001840c    0000002c              : ll_common.o (.text)
                  00018438    0000002c     StackWrapper.a : hal_assert.o (.text)
                  00018464    0000002c                    : osal_bufmgr.o (.text)
                  00018490    0000002a     driverlib.lib : osc.o (.text.NOROM_OSCHF_TurnOnXosc)
                  000184ba    0000002a     drivers_cc13x2.a : TRNGCC26XX.c.obj (.text.TRNG_generateKey)
                  000184e4    0000002a                      : UART2CC26X2.c.obj (.text.UART2Support_powerRelConstraint)
                  0001850e    0000002a     ti_sysbios_config.o (.text.ti_sysbios_family_arm_cc26xx_Timer_setNextTick)
                  00018538    0000002a     ti_sysbios_config.o (.text.ti_sysbios_knl_Task_allBlockedFunction)
                  00018562    0000002a     OneLib.a : ll_isr.o (.text)
                  0001858c    00000028     ti_sysbios_config.o (.text.BIOS_registerRTSLock)
                  000185b4    00000028     icall.o (.text.ICall_createRemoteTasks)
                  000185dc    00000028     icall.o (.text.ICall_getMaxMSecs)
                  00018604    00000028     icall.o (.text.ICall_heapGetStats)
                  0001862c    00000028     icall.o (.text.ICall_sendServiceMsg)
                  00018654    00000028     drivers_cc13x2.a : List.c.obj (.text.List_remove)
                  0001867c    00000028                      : PowerCC26X2.c.obj (.text.PowerCC26XX_isStableXOSC_HF)
                  000186a4    00000028     rf_multiMode_cc13x2.a : RFCC26X2_multiMode.c.cc13x2.ticlang.o (.text.RF_cmdStoreEvents)
                  000186cc    00000028     sysbios.a : Hwi_asm_gcc.s.obj (.text.ti_sysbios_family_arm_m3_Hwi_excHandlerAsm)
                  000186f4    00000028     ti_sysbios_config.o (.text.ti_sysbios_knl_Semaphore_Instance_init)
                  0001871c    00000028     ti_sysbios_config.o (.text.ti_sysbios_knl_Swi_init)
                  00018744    00000028     sysbios.a : TaskSupport_asm_gcc.s.obj (.text.ti_sysbios_knl_TaskSupport_swap)
                  0001876c    00000028     ti_sysbios_config.o (.text.ti_sysbios_knl_Task_construct)
[...]
20000fb8  l2capFlowCtrlMode                                                  
20000fb9  l2capTaskID                                                        
20000fba  l2capNumChannels                                                   
20000fbb  l2capNumDataPkts                                                   
20000fbc  l2capNumPSM                                                        
20000fbd  l2capNumCoChannels                                                 
20000fbe  l2cap_gattServAppTaskID                                            
20000fbf  l2capId                                                            
20000fc1  linkDBNumConns                                                     
20000fc2  linkDB_secureConnectionOnlyMode                                    
20000fc3  maxPduSize                                                         
20000fc4  rfFeModeBias                                                       
20000fc5  defaultPhy                                                         
20000fc6  maxNumTxDataBufs                                                   
20000fc7  LL_TaskID                                                          
20000fc8  llState                                                            
20000fc9  rssiCorrection                                                     
20000fca  curTxPowerVal                                                      
20000fcb  maxTxPwrForDTM                                                     
20000fcc  onePktPerEvt                                                       
20000fcd  numComplPkts                                                       
20000fce  numComplPktsLimit                                                  
20000fcf  numComplPktsFlush                                                  
20000fd0  fastTxRespTime                                                     
20000fd1  slOverride                                                         
20000fd2  rxFifoFlowCtrl                                                     
20000fd3  numTxDataBufs                                                      
20000fd4  maxNumConns                                                        
20000fd5  aeCurHandle                                                        
20000fd6  aeCurAdvEnableHandle                                               
20000fd7  aeCurConnHandle                                                    
20000fd8  extScanIndex                                                       
20000fd9  extInitIndex                                                       
20000fda  scanState                                                          
20000fdb  lastPrimPhy                                                        
20000fdc  lastScanRsp                                                        
20000fdd  smTaskID                                                           
20000fde  SM_appExpectingKey                                                 
20001900  PowerCC26X2_module                                                 
20001b68  gapAttrTbl                                                         
20001c18  gpioPinConfigs                                                     
20001d0c  txPowerTable_2400_pa5_20                                           
20001d80  llUserConfig                                                       
20001e58  BIOS_Module_state                                                  
20001e84  ti_sysbios_family_arm_m3_Hwi_Module_state                          
20001ec0  ti_sysbios_runtime_Startup_done                                    
20001ec3  ti_sysbios_knl_Idle_initDone                                       
20001ec4  ti_sysbios_runtime_Memory_defaultHeapInstance                      
20001edc  ti_sysbios_runtime_Error_ignore                                    
20001ee8  ti_sysbios_family_arm_cc26xx_Timer_Module_state                    
20001ef4  ti_sysbios_runtime_System_Module_state                             
20001f00  ti_sysbios_knl_Swi_Module_state                                    
20001f28  ti_sysbios_knl_Clock_Module_state                                  
2000204c  pOverrides_bleCommon                                               
2000209c  gattAttrTbl                                                        
200020dc  sm_eccKeys_sc_host_debug                                           
2000211c  nvintfFncStruct                                                    
20002158  ti_sysbios_knl_Task_Module_state                                   
200021cc  ICall_dispatcher                                                   
20002228  eccParams_NISTP256                                                 
2000224c  pOverrides_bleTxStd                                                
20002290  pOverrides_bleTx20                                                 
200022b0  pOverrides_ble2Mbps                                                
200022cc  autoConnect                                                        
200022d8  dispHandle                                                         
200022e4  pOverrides_ble1Mbps                                                
200022fc  attDeviceName                                                      
20002312  bleUserCfg_maxPduSize                                              
20002318  ICall_enterCriticalSection                                         
2000231c  ICall_leaveCriticalSection                                         
20002320  heapmgrMemFreeTotal                                                
2000233c  pairMode                                                           
2000233d  mitm                                                               
2000233e  ioCap                                                              
2000233f  bonding                                                            
20002340  secureConnection                                                   
20002341  authenPairingOnly                                                  
20002342  autoSyncWL                                                         
20002343  eccReGenPolicy                                                     
20002344  KeySize                                                            
20002345  removeLRUBond                                                      
20002346  bondFailAction                                                     
20002347  KeyDistList                                                        
20002348  eccDebugKeys                                                       
20002349  allowDebugKeys                                                     
2000234a  eraseBondWhileInConn                                               
2000234b  sameIrkAction                                                      
2000234c  RF_modeBle                                                         
2000235c  _hposcCoeffs                                                       
2000236c  bleAppServiceInfoTable                                             
2000237c  pOverrides_bleCoded                                                
2000238c  user0Cfg                                                           
2000239c  gattAttrTbl_gatt_no_service_changed                                
200023ac  sizeInfo                                                           
200023d8  RFCC26XX_schedulerPolicy                                           
200023e0  ti_sysbios_gates_GateMutexPri_Module_state                         
200023e8  ti_sysbios_heaps_HeapCallback_Module_state                         
200023f0  ti_sysbios_knl_Event_state                                         
200023f8  ti_sysbios_knl_Semaphore_Module_state                              
20002400  periConnParameters                                                 
20002408  patchedMasterCtrlPktList                                           
20002410  clientCbs                                                          
20002418  pRandomAddress                                                     
2000241e  disconnectImmedConnId                                              
20002428  _lock                                                              
2000242c  _unlock                                                            
20002430  appAssertCback                                                     
20002434  icallServiceTblPtr                                                 
20002438  pRfErrCb                                                           
2000243c  pfnBMAlloc                                                         
20002440  pfnBMFree                                                          
20002444  halAssertCback                                                     
20002448  llUserConfig_maxPduSize                                            
2000244a  baseTaskID                                                         
2000244c  PKAResourceCC26XX_pollingFlag                                      
20002456  deviceNameCharProps                                                
20002457  appearanceCharProps                                                
20002458  periConnParamCharProps                                             
20002459  centAddrResCharProps                                               
2000245a  centAddrRes                                                        
2000245b  resolvablePrivateAddressOnlyCharProps                              
2000245c  GATTServApp_gatt_no_service_changed                                
2000245e  qosDefaultPriorityConnParameter                                    
2000245f  extScanChanMap                                                     
20002460  sizeOfAllExtConnParam                                              
20002461  rfRatHandle                                                        
20002462  smAllowDebugKeysMode                                               
20002463  gapEndAppTaskID                                                    
20002464  gapAppTaskID                                                       
20002465  legacyMode                                                         
20002468  scTaskStack                                                        
20002868  ti_sysbios_knl_Idle_taskStack                                      
20003028  uart2CC26X2Objects                                                 
20003198  rfObject                                                           
20003298  ti_sysbios_family_arm_m3_Hwi_dispatchTable                         
20003370  aesctrdrbgXXObjects                                                
20003414  extScanReportState                                                 
200034b4  trngCC26XXObjects                                                  
200035b8  gpioCallbackFunctions                                              
20003634  gpioUserArgs                                                       
200036b0  cbTimers                                                           
20003790  ti_sysbios_knl_ClockSupport_timerStruct                            
200037f0  scTask                                                             
20003848  ti_sysbios_knl_Idle_taskStruct                                     
200038a0  CryptoResourceCC26XX_accessSemaphore                               
200038f0  CryptoResourceCC26XX_operationSemaphore                            
20003940  PKAResourceCC26XX_accessSemaphore                                  
20003990  PKAResourceCC26XX_operationSemaphore                               
20003aa4  nvFptrs                                                            
20003ae0  ti_sysbios_knl_Swi_readyQs                                         
20003b10  ti_sysbios_knl_Task_readyQs                                        
20003b40  NVOCMP_nvHandle                                                    
20003b6e  appearance                                                         
20003b70  rfSetup                                                            
20003b9c  aesecbCC26XXObjects                                                
20003bc4  llCteSamples                                                       
20003c28  req                                                                
20003c48  extScanCmd                                                         
20003c68  extInitCmd                                                         
20003c88  gapBond_remoteOobData                                              
20003ca8  gapBond_localOobData                                               
20003cc8  ecdhCC26X2Objects                                                  
20003ce8  ti_sysbios_runtime_System_atexitHandlers                           
20003d08  udmaCC26XXObject                                                   
20003d44  BIOS_heapCallbackObject                                            
20003d60  BIOS_rtsGate                                                       
20003d7c  CryptoResourceCC26XX_hwi                                           
20003d98  PKAResourceCC26XX_hwi                                              
20003db4  deviceName                                                         
20003dcc  aesccmCC26XXObjects                                                
20003df8  rfMode                                                             
20003e17  scanResToDiscard                                                   
20003e18  llCteTest                                                          
20003e24  cteAntennaProp                                                     
20003e30  llTaskList                                                         
20003e3c  displayUart2Object                                                 
20003e48  defaultChannelMap                                                  
20003e50  secondaryAdvChannelMap                                             
20003e58  llRfCmdPreemption                                                  
20003e7c  ggs_AppCBs                                                         
20003e80  pClientSecCBs                                                      
20003e88  BDAddrPerConnHandle                                                
20003e8c  llCte                                                              
20003e90  extStackSettings                                                   
20003e94  llConnExtParam                                                     
20003e98  trngHandle                                                         
20003e9c  LSTORecoveryArr                                                    
20003ea0  pNextAdvSet                                                        
20003ea4  llCurrentMappedChan                                                
20003ea8  drbgHandle                                                         
20003eac  pRpaCfg                                                            
20003eb0  gapBond_lruBondList                                                
20003eb4  gapBondStateNodeHead                                               
20003eb8  osal_syncHandle                                                    
20003ebc  osal_icallMsg_hook                                                 
20003ec0  osal_qHead                                                         
20003ec4  osal_max_msecs                                                     
20003ec8  osal_tickperiod                                                    
20003ecc  osal_eventloop_hook                                                
20003ed0  bm_preReleaseBuffCB                                                
20003edc  OSAL_timeSeconds                                                   
20003ee0  timerHead                                                          
20003ee8  osal_last_timestamp                                                
20003eec  HEAPMGR_SIZE                                                       
20003ef0  PowerCC26XX_swiKey                                                 
20003ef4  PowerCC26XX_taskKey                                                
20003ef8  tasksEvents                                                        
20003efc  ti_sysbios_family_arm_cc26xx_TimestampProvider_Module_state        
20003f00  ti_sysbios_knl_Task_defaultStackHeap                               
20003f04  maximumPduSize                                                     
20003f06  extScanNumMissed                                                   
20003f08  pwrmgr_attribute                                                   
20003f0a  resolvablePrivateAddressOnly                                       
20003f0b  GATTServApp_att_delayed_req                                        
20003f0c  hciTaskID                                                          
20003f0d  hciL2capTaskID                                                     
20003f0e  hciGapTaskID                                                       
20003f0f  hciSmpTaskID                                                       
20003f10  hciTestTaskID                                                      
20003f11  hciVsEvtMask                                                       
20003f12  scanReqRpt                                                         
20003f13  secondaryAdvChannelMapPopCount                                     
20003f14  qosDefaultPriorityScnParameter                                     
20003f15  qosDefaultPriorityInitParameter                                    
20003f16  maxNumCteDataBufs                                                  
20003f17  numActiveAdvSets                                                   
20003f18  wlSize                                                             
20003f19  rlSize                                                             
20003f1a  decryptResult                                                      
20003f1b  llUnhandleNextIntFlag                                              
20003f1c  smAuthenPairingOnlyMode                                            
20003f1d  icall_liteTaskId                                                   
20003f1e  gapBond_removeLRUBond                                              
20003f1f  gapBond_syncRL                                                     
20003f20  assertSubcause                                                     
20003f21  osal_entity                                                        
20003f22  pwrmgr_initialized                                                 
20003f23  NVOCMP_size                                                        
20003f24  gAction                                                            
20003f25  nvsCC26XXObjects                                                   
20004000  ti_sysbios_family_arm_m3_Hwi_ramVectors                            
200040d8  heapStart                                                          
20013c00  __stack                                                            
20013c00  heapEnd                                                            
20014000  __STACK_END                                                        
20014000  __STACK_TOP                                                        
20014000  __UNUSED_SRAM_end__                                                
ffffffff  __TI_pprof_out_hndl                                                
ffffffff  __TI_prof_data_size                                                
ffffffff  __TI_prof_data_start                                               
ffffffff  __binit__                                                          
ffffffff  binit                                                              
UNDEFED   ITM_flush                                                          
UNDEFED   ITM_restore                                                        
UNDEFED   __c_args__                                                         
UNDEFED   __mpu_init                                                         

[2568 symbols]
