******************************************************************************
            TI ARM Clang Linker PC v2.1.3                      
******************************************************************************
>> Linked Sun Jul  9 14:43:41 2023

OUTPUT FILE NAME:   <airtag_spoofer_CC1352P_2_LAUNCHXL_tirtos7_ticlang.out>
ENTRY POINT SYMBOL: "ResetISR"  address: 0001b1f1


MEMORY CONFIGURATION

         name            origin    length      used     unused   attr    fill
----------------------  --------  ---------  --------  --------  ----  --------
  FLASH                 00000000   00056000  000224dc  00033b24  R  X
  FLASH_LAST_PAGE       00056000   00002000  00000058  00001fa8  R  X
  RTOS_SRAM             20000000   0000012c  00000000  0000012c  RW X
  SRAM                  20000fdf   00013021  000030f8  0000ff29  RW X


SEGMENT ALLOCATION MAP

run origin  load origin   length   init length attrs members
----------  ----------- ---------- ----------- ----- -------
00000000    00000000    0001e4dc   0001e4dc    r-x
  00000000    00000000    0000003c   0000003c    r-- .resetVecs
  0000003c    0000003c    00000004   00000004    r-- .rodata.1
  00000040    00000040    0001b9b4   0001b9b4    r-x .text
  0001b9f4    0001b9f4    00002548   00002548    r-- .rodata.2
  0001df3c    0001df3c    000005a0   000005a0    r-- .cinit
00048000    00048000    00004000   00000000    rw-
  00048000    00048000    00004000   00000000    rw- .TI.bound:flashBuf0
00057fa8    00057fa8    00000058   00000058    r--
  00057fa8    00057fa8    00000058   00000058    r-- .ccfg
20001810    20001810    00000010   00000000    rw-
  20001810    20001810    00000010   00000000    rw- .TI.bound:dmaUart0RxControlTableEntry
20001820    20001820    00000010   00000000    rw-
  20001820    20001820    00000010   00000000    rw- .TI.bound:dmaUart0TxControlTableEntry
20001900    20001900    00002bb2   00000000    rw-
  20001900    20001900    00000f60   00000000    rw- .data
  20002860    20002860    00001c52   00000000    rw- .bss
20004500    20004500    000000d8   00000000    rw-
  20004500    20004500    000000d8   00000000    rw- .ramVecs
20013c00    20013c00    00000400   00000000    rw-
  20013c00    20013c00    00000400   00000000    rw- .stack


SECTION ALLOCATION MAP

 output                                  attributes/
section   page    origin      length       input sections
--------  ----  ----------  ----------   ----------------
.resetVecs 
*          0    00000000    0000003c     
                  00000000    0000003c     ti_sysbios_config.o (.resetVecs)

.rodata.1 
*          0    0000003c    00000004     
                  0000003c    00000004     drivers_cc13x2.a : NVS.c.obj (.rodata.NVS_defaultParams)

.cinit     0    0001df3c    000005a0     
                  0001df3c    0000054c     (.cinit..data.load) [load image, compression = lzss]
                  0001e488    0000000c     (__TI_handler_table)
                  0001e494    00000008     (.cinit..TI.bound:dmaUart0RxControlTableEntry.load) [load image, compression = zero_init]
                  0001e49c    00000008     (.cinit..TI.bound:dmaUart0TxControlTableEntry.load) [load image, compression = zero_init]
                  0001e4a4    00000008     (.cinit..bss.load) [load image, compression = zero_init]
                  0001e4ac    00000008     (.cinit..ramVecs.load) [load image, compression = zero_init]
                  0001e4b4    00000028     (__TI_cinit_table)

.init_array 
*          0    00000000    00000000     UNINITIALIZED

.ccfg      0    00057fa8    00000058     
                  00057fa8    00000058     ti_devices_config.o (.ccfg)

.data      0    20001900    00000f60     UNINITIALIZED
                  20001900    00000174     drivers_cc13x2.a : PowerCC26X2.c.obj (.data.PowerCC26X2_module)
                  20001a74    00000130     devinfoservice.o (.data.devInfoAttrTbl)
                  20001ba4    00000110     simple_gatt_profile.o (.data.simpleProfileAttrTbl)
                  20001cb4    000000f4     StackWrapper.a : gapbondmgr.o (.data)
                  20001da8    000000b0     OneLib.a : gapgattserver.o (.data)
                  20001e58    0000007c     ti_drivers_config.o (.data.gpioPinConfigs)
                  20001ed4    00000004     icall.o (.data.ICall_dispatcher)
                  20001ed8    0000007a     devinfoservice.o (.data..L_MergedGlobals)
                  20001f52    00000002     ble_user_config.o (.data.bleUserCfg_maxPduSize)
                  20001f54    00000078     icall.o (.data..L_MergedGlobals.1)
                  20001fcc    00000073     ti_radio_config.o (.data.txPowerTable_2400_pa5_20)
                  2000203f    00000001     drivers_cc13x2.a : AESCTRCC26XX.c.obj (.data.AESCTR_isInitialized)
                  20002040    00000070     OneLib.a : ll_config.o (.data)
                  200020b0    0000006c     airtag_spoofer.o (.data..L_MergedGlobals.11)
                  2000211c    00000068     rf_multiMode_cc13x2.a : RFCC26X2_multiMode.c.cc13x2.ticlang.o (.data..L_MergedGlobals.1)
                  20002184    00000004     drivers_cc13x2.a : PowerCC26X2.c.obj (.data.PowerCC26X2_rtcSubSecInc)
                  20002188    00000068     ti_sysbios_config.o (.data..L_MergedGlobals.71)
                  200021f0    00000068     ti_sysbios_config.o (.data..L_MergedGlobals)
                  20002258    00000068     ti_sysbios_config.o (.data.ti_sysbios_knl_Clock_Module_state)
                  200022c0    00000064     rf_multiMode_cc13x2.a : RFCC26X2_multiMode.c.cc13x2.ticlang.o (.data..L_MergedGlobals.3)
                  20002324    00000058                           : RFCC26X2_multiMode.c.cc13x2.ticlang.o (.data..L_MergedGlobals.2)
                  2000237c    00000050     ti_radio_config.o (.data.pOverrides_bleCommon)
                  200023cc    00000040     OneLib.a : gattservapp.o (.data)
                  2000240c    00000040              : sm_pairing.o (.data)
                  2000244c    0000003c     icall_user_config.o (.data.nvintfFncStruct)
                  20002488    0000003c     ti_sysbios_config.o (.data.ti_sysbios_knl_Task_Module_state)
                  200024c4    00000038     drivers_cc13x2.a : TRNGCC26XX.c.obj (.data..L_MergedGlobals.1)
                  200024fc    00000004     rf_multiMode_cc13x2.a : RFCC26X2_multiMode.c.cc13x2.ticlang.o (.data.RF_fsmActiveState.lfClockSourceLast)
                  20002500    00000030     drivers_cc13x2.a : TRNGCC26XX.c.obj (.data..L_MergedGlobals)
                  20002530    0000002a     devinfoservice.o (.data..L_MergedGlobals.1)
                  2000255a    00000002     OneLib.a : ll.o (.data)
                  2000255c    00000028     nvocmp.o (.data..L_MergedGlobals.1)
                  20002584    00000024     ble_user_config.o (.data.eccParams_NISTP256)
                  200025a8    00000024     ti_radio_config.o (.data.pOverrides_bleTxStd)
                  200025cc    00000020     ti_radio_config.o (.data.pOverrides_bleTx20)
                  200025ec    0000001c     ti_ble_config.o (.data.advParams1)
                  20002608    0000001c     ti_ble_config.o (.data.advParams2)
                  20002624    0000001c     ti_radio_config.o (.data.pOverrides_ble2Mbps)
                  20002640    0000001c     ti_ble_config.o (.data.scanResData1)
                  2000265c    00000018     ti_radio_config.o (.data.pOverrides_ble1Mbps)
                  20002674    00000015     ti_ble_config.o (.data.attDeviceName)
                  20002689    00000001     nvocmp.o (.data.NVOCMP_failF)
                  2000268a    00000002     OneLib.a : ll_config.o (.data)
                  2000268c    00000014     airtag_spoofer.o (.data..L_MergedGlobals)
                  200026a0    00000014     icall.o (.data..L_MergedGlobals)
                  200026b4    00000014     StackWrapper.a : osal.o (.data)
                  200026c8    00000011     simple_gatt_profile.o (.data.simpleProfileChar1UserDesp)
                  200026d9    00000011     simple_gatt_profile.o (.data.simpleProfileChar2UserDesp)
                  200026ea    00000011     simple_gatt_profile.o (.data.simpleProfileChar3UserDesp)
                  200026fb    00000011     simple_gatt_profile.o (.data.simpleProfileChar4UserDesp)
                  2000270c    00000011     simple_gatt_profile.o (.data.simpleProfileChar5UserDesp)
                  2000271d    00000001     drivers_cc13x2.a : PKAResourceCC26XX.c.obj (.data.PKAResourceCC26XX_pollingFlag)
                  2000271e    00000002     StackWrapper.a : osal_cbtimer.o (.data)
                  20002720    00000010     ti_radio_config.o (.data.RF_modeBle)
                  20002730    00000010     driverlib.lib : osc.o (.data._hposcCoeffs)
                  20002740    00000010     icall_user_config.o (.data.bleAppServiceInfoTable)
                  20002750    00000010     ti_radio_config.o (.data.pOverrides_bleCoded)
                  20002760    00000010     main.o (.data.user0Cfg)
                  20002770    00000010     OneLib.a : gattservapp.o (.data)
                  20002780    00000010              : ll_data.o (.data)
                  20002790    0000000f     ti_ble_config.o (.data..L_MergedGlobals)
                  2000279f    00000001     rf_multiMode_cc13x2.a : rf_patch_cpe_bt5.c.cc13x2.ticlang.o (.data.bBt5PatchEntered)
                  200027a0    0000000d     simple_gatt_profile.o (.data..L_MergedGlobals)
                  200027ad    00000001     devinfoservice.o (.data.devInfo11073CertProps)
                  200027ae    00000001     devinfoservice.o (.data.devInfoFirmwareRevProps)
                  200027af    00000001     devinfoservice.o (.data.devInfoHardwareRevProps)
                  200027b0    0000000c     drivers_cc13x2.a : NVSCC26XX.c.obj (.data..L_MergedGlobals)
                  200027bc    0000000b     ti_ble_config.o (.data.advData2)
                  200027c7    00000001     devinfoservice.o (.data.devInfoMfrNameProps)
                  200027c8    00000008     icall_cc2650.o (.data..L_MergedGlobals)
                  200027d0    00000008     rf_multiMode_cc13x2.a : RFCC26X2_multiMode.c.cc13x2.ticlang.o (.data..L_MergedGlobals)
                  200027d8    00000008                           : RFCC26X2_multiMode.c.cc13x2.ticlang.o (.data.RFCC26XX_schedulerPolicy)
                  200027e0    00000008     ti_sysbios_config.o (.data.ti_sysbios_gates_GateMutexPri_Module_state)
                  200027e8    00000008     ti_sysbios_config.o (.data.ti_sysbios_heaps_HeapCallback_Module_state)
                  200027f0    00000008     ti_sysbios_config.o (.data.ti_sysbios_knl_Event_state)
                  200027f8    00000008     ti_sysbios_config.o (.data.ti_sysbios_knl_Semaphore_Module_state)
                  20002800    00000008     OneLib.a : gapgattserver.o (.data)
                  20002808    00000008     StackWrapper.a : gapbondmgr.o (.data)
                  20002810    00000006     airtag_spoofer.o (.data.rpa)
                  20002816    00000001     devinfoservice.o (.data.devInfoModelNumberProps)
                  20002817    00000001     devinfoservice.o (.data.devInfoPnpIdProps)
                  20002818    00000004     libc.a : _lock.c.obj (.data._lock)
                  2000281c    00000004            : _lock.c.obj (.data._unlock)
                  20002820    00000004     ble_user_config.o (.data.appAssertCback)
                  20002824    00000004     ble_user_config_stack.o (.data.icallServiceTblPtr)
                  20002828    00000004     ti_ble_config.o (.data.pRandomAddress)
                  2000282c    00000004     icall_api_lite.o (.data.pRfErrCb)
                  20002830    00000004     icall_api_lite.o (.data.pfnBMAlloc)
                  20002834    00000004     icall_api_lite.o (.data.pfnBMFree)
                  20002838    00000004     OneLib.a : ll_slave_end_causes.o (.data)
                  2000283c    00000004     StackWrapper.a : hal_assert.o (.data)
                  20002840    00000001     devinfoservice.o (.data.devInfoSerialNumberProps)
                  20002841    00000001     devinfoservice.o (.data.devInfoSoftwareRevProps)
                  20002842    00000001     devinfoservice.o (.data.devInfoSystemIdProps)
                  20002843    00000001     drivers_cc13x2.a : GPIOCC26X2.c.obj (.data.initCalled)
                  20002844    00000001                      : AESCCMCC26XX.c.obj (.data.isInitialized)
                  20002845    00000001                      : AESCTRDRBGXX.c.obj (.data.isInitialized)
                  20002846    00000001                      : AESECBCC26XX.c.obj (.data.isInitialized)
                  20002847    00000001                      : CryptoResourceCC26XX.c.obj (.data.isInitialized)
                  20002848    00000001                      : ECDHCC26X2.c.obj (.data.isInitialized)
                  20002849    00000001                      : NVS.c.obj (.data.isInitialized)
                  2000284a    00000001                      : PKAResourceCC26XX.c.obj (.data.isInitialized)
                  2000284b    00000001     simple_gatt_profile.o (.data.simpleProfileChar1Props)
                  2000284c    00000001     simple_gatt_profile.o (.data.simpleProfileChar2Props)
                  2000284d    00000001     simple_gatt_profile.o (.data.simpleProfileChar3Props)
                  2000284e    00000001     simple_gatt_profile.o (.data.simpleProfileChar4Props)
                  2000284f    00000001     simple_gatt_profile.o (.data.simpleProfileChar5Props)
                  20002850    00000001     OneLib.a : gapgattserver.o (.data)
                  20002851    00000001              : gapgattserver.o (.data)
                  20002852    00000001              : gapgattserver.o (.data)
                  20002853    00000001              : gapgattserver.o (.data)
                  20002854    00000001              : gapgattserver.o (.data)
                  20002855    00000001              : gapgattserver.o (.data)
                  20002856    00000001              : gattservapp.o (.data)
                  20002857    00000001              : gattservapp.o (.data)
                  20002858    00000001              : ll.o (.data)
                  20002859    00000001              : ll_ae.o (.data)
                  2000285a    00000001              : ll_data.o (.data)
                  2000285b    00000001              : ll_scheduler.o (.data)
                  2000285c    00000001              : sm_task.o (.data)
                  2000285d    00000001     StackWrapper.a : gap.o (.data)
                  2000285e    00000001                    : gap.o (.data)
                  2000285f    00000001                    : hal_assert.o (.data)

.bss       0    20002860    00001c52     UNINITIALIZED
                  20002860    00000400     ti_drivers_config.o (.bss.displayUART2Buffer)
                  20002c60    00000400     (.common:spTaskStack)
                  20003060    00000300     (.common:ti_sysbios_knl_Idle_taskStack)
                  20003360    000002c0     rf_multiMode_cc13x2.a : RFCC26X2_multiMode.c.cc13x2.ticlang.o (.bss.RF_cmdPool)
                  20003620    00000170     (.common:uart2CC26X2Objects)
                  20003790    00000100     OneLib.a : ll.o (.bss)
                  20003890    000000d8     (.common:ti_sysbios_family_arm_m3_Hwi_dispatchTable)
                  20003968    000000c0     airtag_spoofer.o (.bss.connList)
                  20003a28    000000a4     (.common:aesctrdrbgXXObjects)
                  20003acc    00000084     (.common:trngCC26XXObjects)
                  20003b50    0000007c     (.common:gpioCallbackFunctions)
                  20003bcc    0000007c     (.common:gpioUserArgs)
                  20003c48    00000078     StackWrapper.a : osal_cbtimer.o (.bss)
                  20003cc0    00000068     rf_multiMode_cc13x2.a : RFCC26X2_multiMode.c.cc13x2.ticlang.o (.bss.RF_ratModule)
                  20003d28    00000060     (.common:ti_sysbios_knl_ClockSupport_timerStruct)
                  20003d88    00000058     (.common:spTask)
                  20003de0    00000058     (.common:ti_sysbios_knl_Idle_taskStruct)
                  20003e38    00000050     (.common:CryptoResourceCC26XX_accessSemaphore)
                  20003e88    00000050     (.common:CryptoResourceCC26XX_operationSemaphore)
                  20003ed8    00000050     (.common:PKAResourceCC26XX_accessSemaphore)
                  20003f28    00000050     (.common:PKAResourceCC26XX_operationSemaphore)
                  20003f78    00000044                           : RFCC26X2_multiMode.c.cc13x2.ticlang.o (.bss.RF_clkInactivityObj)
                  20003fbc    00000044                           : RFCC26X2_multiMode.c.cc13x2.ticlang.o (.bss.RF_clkPowerUpObj)
                  20004000    0000003c                           : RFCC26X2_multiMode.c.cc13x2.ticlang.o (.bss.RF_swiHwObj)
                  2000403c    0000003c     StackWrapper.a : osal_snv_wrapper.o (.bss)
                  20004078    00000030     (.common:ti_sysbios_knl_Swi_readyQs)
                  200040a8    00000030     (.common:ti_sysbios_knl_Task_readyQs)
                  200040d8    0000002e     (.common:NVOCMP_nvHandle)
                  20004106    00000002     OneLib.a : gapgattserver.o (.bss)
                  20004108    0000002c              : ll.o (.bss)
                  20004134    00000028     (.common:aesecbCC26XXObjects)
                  2000415c    00000024              : ll.o (.bss)
                  20004180    00000020     ti_drivers_config.o (.bss.uart2RxRingBuffer0)
                  200041a0    00000020     ti_drivers_config.o (.bss.uart2TxRingBuffer0)
                  200041c0    00000020     OneLib.a : gattservapp.o (.bss)
                  200041e0    00000020              : ll_ae.o (.bss)
                  20004200    00000020              : ll_ae.o (.bss)
                  20004220    00000020     StackWrapper.a : gapbondmgr.o (.bss)
                  20004240    00000020                    : gapbondmgr.o (.bss)
                  20004260    00000020     (.common:ecdhCC26X2Objects)
                  20004280    00000020     (.common:ti_sysbios_runtime_System_atexitHandlers)
                  200042a0    00000020     (.common:udmaCC26XXObject)
                  200042c0    0000001c     drivers_cc13x2.a : GPIOCC26X2.c.obj (.bss.gpioHwi)
                  200042dc    0000001c     (.common:BIOS_heapCallbackObject)
                  200042f8    0000001c     (.common:BIOS_rtsGate)
                  20004314    0000001c     (.common:CryptoResourceCC26XX_hwi)
                  20004330    0000001c     (.common:PKAResourceCC26XX_hwi)
                  2000434c    00000018     OneLib.a : gapgattserver.o (.bss)
                  20004364    00000018     (.common:aesccmCC26XXObjects)
                  2000437c    00000014     drivers_cc13x2.a : Random.c.obj (.bss.state)
                  20004390    00000010     OneLib.a : ll.o (.bss)
                  200043a0    0000000c              : ll.o (.bss)
                  200043ac    0000000c              : ll.o (.bss)
                  200043b8    0000000c              : ll_scheduler.o (.bss)
                  200043c4    0000000c     (.common:displayUart2Object)
                  200043d0    00000008              : ll.o (.bss)
                  200043d8    00000008              : ll.o (.bss)
                  200043e0    00000008              : ll_ae.o (.bss)
                  200043e8    00000008     StackWrapper.a : gapbondmgr.o (.bss)
                  200043f0    00000004     driverlib.lib : osc.o (.bss.oscHfGlobals.0)
                  200043f4    00000004                   : osc.o (.bss.oscHfGlobals.2)
                  200043f8    00000004                   : osc.o (.bss.oscHfGlobals.3)
                  200043fc    00000004                   : osc.o (.bss.oscHfGlobals.4)
                  20004400    00000004     drivers_cc13x2.a : ECDHCC26X2.c.obj (.bss.resultPKAMemAddr)
                  20004404    00000004     simple_gatt_profile.o (.bss.simpleProfileChar4Config)
                  20004408    00000004     OneLib.a : gapgattserver.o (.bss)
                  2000440c    00000004              : gatt_client.o (.bss)
                  20004410    00000004              : gattservapp.o (.bss)
                  20004414    00000004              : linkdb.o (.bss)
                  20004418    00000004              : ll.o (.bss)
                  2000441c    00000004              : ll.o (.bss)
                  20004420    00000004              : ll.o (.bss)
                  20004424    00000004              : ll.o (.bss)
                  20004428    00000004              : ll.o (.bss)
                  2000442c    00000004              : ll_ae.o (.bss)
                  20004430    00000004              : ll_common.o (.bss)
                  20004434    00000004              : ll_enc.o (.bss)
                  20004438    00000004              : ll_privacy.o (.bss)
                  2000443c    00000004     StackWrapper.a : gapbondmgr.o (.bss)
                  20004440    00000004                    : gapbondmgr.o (.bss)
                  20004444    00000004                    : osal.o (.bss)
                  20004448    00000004                    : osal.o (.bss)
                  2000444c    00000004                    : osal.o (.bss)
                  20004450    00000004                    : osal.o (.bss)
                  20004454    00000004                    : osal.o (.bss)
                  20004458    00000004                    : osal.o (.bss)
                  2000445c    00000004                    : osal_bufmgr.o (.bss)
                  20004460    00000004                    : osal_bufmgr.o (.bss)
                  20004464    00000004                    : osal_clock.o (.bss)
                  20004468    00000004                    : osal_clock.o (.bss)
                  2000446c    00000004                    : osal_timers.o (.bss)
                  20004470    00000004                    : osal_timers.o (.bss)
                  20004474    00000004                    : osal_timers.o (.bss)
                  20004478    00000004     (.common:HEAPMGR_SIZE)
                  2000447c    00000004     (.common:PowerCC26XX_swiKey)
                  20004480    00000004     (.common:PowerCC26XX_taskKey)
                  20004484    00000004     (.common:tasksEvents)
                  20004488    00000004     (.common:ti_sysbios_family_arm_cc26xx_TimestampProvider_Module_state)
                  2000448c    00000004     (.common:ti_sysbios_knl_Task_defaultStackHeap)
                  20004490    00000002     OneLib.a : ll.o (.bss)
                  20004492    00000002              : ll_slave_end_causes.o (.bss)
                  20004494    00000002     StackWrapper.a : osal_pwrmgr.o (.bss)
                  20004496    00000001     OneLib.a : gap_scanner.o (.bss)
                  20004497    00000001              : gapgattserver.o (.bss)
                  20004498    00000001              : gattservapp.o (.bss)
                  20004499    00000001              : hci_tl.o (.bss)
                  2000449a    00000001              : hci_tl.o (.bss)
                  2000449b    00000001              : hci_tl.o (.bss)
                  2000449c    00000001              : hci_tl.o (.bss)
                  2000449d    00000001              : hci_tl.o (.bss)
                  2000449e    00000001              : hci_tl.o (.bss)
                  2000449f    00000001              : ll.o (.bss)
                  200044a0    00000001              : ll.o (.bss)
                  200044a1    00000001              : ll.o (.bss)
                  200044a2    00000001              : ll.o (.bss)
                  200044a3    00000001              : ll_ae.o (.bss)
                  200044a4    00000001              : ll_config.o (.bss)
                  200044a5    00000001              : ll_config.o (.bss)
                  200044a6    00000001              : ll_enc.o (.bss)
                  200044a7    00000001              : ll_isr.o (.bss)
                  200044a8    00000001              : sm_task.o (.bss)
                  200044a9    00000001     StackWrapper.a : ble_dispatch_lite.o (.bss)
                  200044aa    00000001                    : gapbondmgr.o (.bss)
                  200044ab    00000001                    : gapbondmgr.o (.bss)
                  200044ac    00000001                    : hal_assert.o (.bss)
                  200044ad    00000001                    : osal.o (.bss)
                  200044ae    00000001                    : osal_pwrmgr.o (.bss)
                  200044af    00000001     (.common:NVOCMP_size)
                  200044b0    00000001     (.common:gAction)
                  200044b1    00000001     (.common:nvsCC26XXObjects)

.vtable    0    200044b2    00000000     UNINITIALIZED

.vtable_ram 
*          0    200044b2    00000000     UNINITIALIZED

vtable_ram 
*          0    200044b2    00000000     UNINITIALIZED

.sysmem    0    200044b2    00000000     UNINITIALIZED

.nonretenvar 
*          0    200044b2    00000000     UNINITIALIZED

.ramVecs   0    20004500    000000d8     UNINITIALIZED
                  20004500    000000d8     ti_sysbios_config.o (.ramVecs)

.stack     0    20013c00    00000400     UNINITIALIZED
                  20013c00    00000004     sysbios.a : boot_cortex_m.c.obj (.stack)
                  20013c04    000003fc     --HOLE--

.TI.bound:flashBuf0 
*          0    00048000    00004000     UNINITIALIZED
                  00048000    00004000     ti_drivers_config.o (.TI.bound:flashBuf0)

.TI.bound:dmaUart0RxControlTableEntry 
*          0    20001810    00000010     UNINITIALIZED
                  20001810    00000010     ti_drivers_config.o (.TI.bound:dmaUart0RxControlTableEntry)

.TI.bound:dmaUart0TxControlTableEntry 
*          0    20001820    00000010     UNINITIALIZED
                  20001820    00000010     ti_drivers_config.o (.TI.bound:dmaUart0TxControlTableEntry)

.text      0    00000040    0001b9b4     
                  00000040    00000b48     StackWrapper.a : gapbondmgr.o (.text)
                  00000b88    0000082c     airtag_spoofer.o (.text.AirtagSpoofer_taskFxn)
                  000013b4    000006f8     OneLib.a : ll_adv_end_causes.o (.text)
                  00001aac    000006f8     StackWrapper.a : gapbondmgr.o (.text)
                  000021a4    00000514     OneLib.a : ble.o (.text)
                  000026b8    000004d0              : ll_ae.o (.text)
                  00002b88    00000490     rf_multiMode_cc13x2.a : RFCC26X2_multiMode.c.cc13x2.ticlang.o (.text.RF_fsmActiveState)
                  00003018    00000478     OneLib.a : ll_isr.o (.text)
                  00003490    00000448              : ll.o (.text)
                  000038d8    0000043c              : ll_slave_end_causes.o (.text)
                  00003d14    0000041c              : ll_scheduler.o (.text)
                  00004130    00000388              : ll_slave_end_causes.o (.text)
                  000044b8    00000344              : ll_ae.o (.text)
                  000047fc    00000340     ti_sysbios_config.o (.text.ti_sysbios_runtime_System_doPrint)
                  00004b3c    00000338     OneLib.a : ll_ae.o (.text)
                  00004e74    00000334              : ll_scheduler.o (.text)
                  000051a8    0000030c              : ll_ae.o (.text)
                  000054b4    000002b0     StackWrapper.a : gapbondmgr.o (.text)
                  00005764    000002a8     nvocmp.o (.text.NVOCMP_initNvApi)
                  00005a0c    0000029c     rf_multiMode_cc13x2.a : RFCC26X2_multiMode.c.cc13x2.ticlang.o (.text.RF_open)
                  00005ca8    0000029c     OneLib.a : ll_isr.o (.text)
                  00005f44    00000294              : ll.o (.text)
                  000061d8    00000290              : ll_ae.o (.text)
                  00006468    00000284     nvocmp.o (.text.NVOCMP_compactPage)
                  000066ec    00000274     OneLib.a : ll_ae.o (.text)
                  00006960    00000264              : ll_common.o (.text)
                  00006bc4    00000264              : ll_isr.o (.text)
                  00006e28    0000025c     StackWrapper.a : gapbondmgr.o (.text)
                  00007084    0000024c     nvocmp.o (.text.NVOCMP_addItem)
                  000072d0    00000238     OneLib.a : ll_data.o (.text)
                  00007508    00000220     drivers_cc13x2.a : ECDHCC26X2.c.obj (.text.ECDHCC26X2_hwiFxn)
                  00007728    00000204     OneLib.a : gattservapp.o (.text)
                  0000792c    000001fc              : ll.o (.text)
                  00007b28    000001f0     drivers_cc13x2.a : UART2CC26X2.c.obj (.text.UART2CC26X2_hwiIntFxn)
                  00007d18    000001e8     rf_multiMode_cc13x2.a : RFCC26X2_multiMode.c.cc13x2.ticlang.o (.text.RF_scheduleCmd)
                  00007f00    000001e0     StackWrapper.a : osal.o (.text)
                  000080e0    000001dc     rf_multiMode_cc13x2.a : RFCC26X2_multiMode.c.cc13x2.ticlang.o (.text.RF_dispatchNextCmd)
                  000082bc    000001dc     OneLib.a : ll_scheduler.o (.text)
                  00008498    000001c8              : ll_ae.o (.text)
                  00008660    000001b6     libclang_rt.builtins.a : adddf3.S.obj (.text)
                  00008816    00000002     ti_sysbios_config.o (.text.BIOS_nullFunc)
                  00008818    000001a0     drivers_cc13x2.a : AESECBCC26XX.c.obj (.text.AESECB_addDataInternal)
                  000089b8    00000198     OneLib.a : ll_common.o (.text)
                  00008b50    00000196              : ll_common.o (.text)
                  00008ce6    00000002     ti_drivers_config.o (.text.Board_initHook)
                  00008ce8    00000194     drivers_cc13x2.a : PowerCC26X2_calibrateRCOSC.c.obj (.text.PowerCC26X2_auxISR)
                  00008e7c    0000018c                      : UART2CC26X2.c.obj (.text.UART2_open)
                  00009008    00000188                      : AESCCMCC26XX.c.obj (.text.AESCCM_startOperation)
                  00009190    00000188     OneLib.a : ll_ae.o (.text)
                  00009318    00000184              : ll_isr.o (.text)
                  0000949c    0000017c     drivers_cc13x2.a : ECDHCC26X2.c.obj (.text.ECDH_computeSharedSecret)
                  00009618    00000178     OneLib.a : gattservapp.o (.text)
                  00009790    00000174     drivers_cc13x2.a : UART2.c.obj (.text.UART2_writeTimeoutBlocking)
                  00009904    00000174     OneLib.a : ll_scheduler.o (.text)
                  00009a78    00000160     icall.o (.text.ICall_waitMatch)
                  00009bd8    00000160     OneLib.a : ll_ae.o (.text)
                  00009d38    00000158     drivers_cc13x2.a : AESCTRCC26XX.c.obj (.text.AESCTR_processData)
                  00009e90    00000158                      : PowerCC26X2.c.obj (.text.Power_sleep)
                  00009fe8    00000158     OneLib.a : ll_common.o (.text)
                  0000a140    00000150              : gap_task.o (.text)
                  0000a290    00000150              : ll_ae.o (.text)
                  0000a3e0    00000150              : ll_isr.o (.text)
                  0000a530    0000014c     rf_multiMode_cc13x2.a : RFCC26X2_multiMode.c.cc13x2.ticlang.o (.text.RF_radioOpDoneCb)
                  0000a67c    00000144     ble_user_config_stack.o (.text.setBleUserConfig)
                  0000a7c0    00000144     ti_sysbios_config.o (.text.ti_sysbios_runtime_System_printfExtend)
                  0000a904    00000144     StackWrapper.a : osal.o (.text)
                  0000aa48    00000140     OneLib.a : gattservapp.o (.text)
                  0000ab88    00000140     StackWrapper.a : gap.o (.text)
                  0000acc8    00000134     rf_multiMode_cc13x2.a : RFCC26X2_multiMode.c.cc13x2.ticlang.o (.text.RF_ratSetupChannel)
                  0000adfc    00000130     driverlib.lib : aes.o (.text.NOROM_AESWriteToKeyStore)
                  0000af2c    0000012c     rf_multiMode_cc13x2.a : RFCC26X2_multiMode.c.cc13x2.ticlang.o (.text.RF_close)
                  0000b058    0000012c     drivers_cc13x2.a : TRNGCC26XX.c.obj (.text.TRNGCC26XX_hwiFxn)
                  0000b184    00000124     rf_multiMode_cc13x2.a : RFCC26X2_multiMode.c.cc13x2.ticlang.o (.text.RF_abortCmd)
                  0000b2a8    00000124                           : RFCC26X2_multiMode.c.cc13x2.ticlang.o (.text.RF_fsmSetupState)
                  0000b3cc    00000124     OneLib.a : ll_ae.o (.text)
                  0000b4f0    00000120     nvocmp.o (.text.NVOCMP_findItem)
                  0000b610    00000120     ti_sysbios_config.o (.text.ti_sysbios_family_arm_cc26xx_Timer_construct)
                  0000b730    00000120     OneLib.a : ll_common.o (.text)
                  0000b850    00000120              : ll_data.o (.text)
                  0000b970    0000011c     sysbios.a : Hwi_asm_gcc.s.obj (.text.ti_sysbios_family_arm_m3_Hwi_dispatch)
                  0000ba8c    0000011c     OneLib.a : sm_rsppairing.o (.text)
                  0000bba8    0000011a     drivers_cc13x2.a : UART2.c.obj (.text.UART2_writeTimeoutNonblocking)
                  0000bcc2    00000002     ble_user_config.o (.text.DefaultAssertCback)
                  0000bcc4    00000118     drivers_cc13x2.a : PowerCC26X2.c.obj (.text.Power_init)
                  0000bddc    00000118     rf_multiMode_cc13x2.a : RFCC26X2_multiMode.c.cc13x2.ticlang.o (.text.RF_decodeOverridePointers)
                  0000bef4    00000114     OneLib.a : ll_common.o (.text)
                  0000c008    0000010c     main.o (.text.AssertHandler)
                  0000c114    0000010c     drivers_cc13x2.a : ECDHCC26X2.c.obj (.text.ECDH_generatePublicKey)
                  0000c220    0000010c                      : PowerCC26X2_calibrateRCOSC.c.obj (.text.PowerCC26X2_calibrate)
                  0000c32c    0000010a     OneLib.a : gatt_client.o (.text)
                  0000c436    00000002     display_cc13x2.a : DisplayUart2.c.obj (.text.DisplayUart2Min_clear)
                  0000c438    00000108     drivers_cc13x2.a : NVSCC26XX.c.obj (.text.NVSCC26XX_write)
                  0000c540    00000108     rf_multiMode_cc13x2.a : RFCC26X2_multiMode.c.cc13x2.ticlang.o (.text.RF_fsmPowerUpState)
                  0000c648    00000108     OneLib.a : ll_scheduler.o (.text)
                  0000c750    00000104     drivers_cc13x2.a : GPIOCC26X2.c.obj (.text.GPIO_init)
                  0000c854    00000104                      : UART2CC26X2.c.obj (.text.UART2CC26X2_initHw)
                  0000c958    00000102                      : AESCTRDRBGXX.c.obj (.text.AESCTRDRBG_getRandomBytes)
                  0000ca5a    000000fe     OneLib.a : ll_scheduler.o (.text)
                  0000cb58    000000fc     rf_multiMode_cc13x2.a : RFCC26X2_multiMode.c.cc13x2.ticlang.o (.text.RF_hwiCpe0Active)
                  0000cc54    000000fc     OneLib.a : ll_isr.o (.text)
                  0000cd50    000000fc     libclang_rt.builtins.a : muldf3.S.obj (.text)
                  0000ce4c    000000f8     drivers_cc13x2.a : TRNGCC26XX.c.obj (.text.TRNG_getRandom)
                  0000cf44    000000f8     OneLib.a : sm_rsppairing.o (.text)
                  0000d03c    000000f4     driverlib.lib : sys_ctrl.o (.text.NOROM_SysCtrlStandby)
                  0000d130    000000f0     drivers_cc13x2.a : UART2CC26X2.c.obj (.text.UART2Support_dmaStartRx)
                  0000d220    000000f0     OneLib.a : ll_ae.o (.text)
                  0000d310    000000ec              : gap_advertiser.o (.text)
                  0000d3fc    000000ec              : ll_ae.o (.text)
                  0000d4e8    000000ec              : ll_common.o (.text)
                  0000d5d4    000000ec              : ll_common.o (.text)
                  0000d6c0    000000e8     drivers_cc13x2.a : AESCTRDRBGXX.c.obj (.text.AESCTRDRBG_construct)
                  0000d7a8    000000e4     driverlib.lib : setup.o (.text.NOROM_SetupTrimDevice)
                  0000d88c    000000e4     ti_drivers_config.o (.text.rfDriverCallbackAntennaSwitching)
                  0000d970    000000e4     ti_sysbios_config.o (.text.ti_sysbios_knl_Semaphore_pend)
                  0000da54    000000e2     OneLib.a : gapgattserver.o (.text)
                  0000db36    00000002     display_cc13x2.a : DisplayUart2.c.obj (.text.DisplayUart2Min_clearLines)
                  0000db38    000000e0     ti_sysbios_config.o (.text.ti_sysbios_knl_Event_pend)
                  0000dc18    000000e0     OneLib.a : ll_scheduler.o (.text)
                  0000dcf8    000000e0     StackWrapper.a : osal_timers.o (.text)
                  0000ddd8    000000dc     rf_multiMode_cc13x2.a : RFCC26X2_multiMode.c.cc13x2.ticlang.o (.text.RF_control)
                  0000deb4    000000dc     OneLib.a : ll_ae.o (.text)
                  0000df90    000000d8     devinfoservice.o (.text.DevInfo_SetParameter)
                  0000e068    000000d8     ti_sysbios_config.o (.text.ti_sysbios_family_arm_m3_Hwi_excFillContext)
                  0000e140    000000d0     drivers_cc13x2.a : PowerCC26X2.c.obj (.text.configureXOSCHF)
                  0000e210    000000cc                      : AESCTRDRBGXX.c.obj (.text.AESCTRDRBG_reseed)
                  0000e2dc    000000cc     ti_sysbios_config.o (.text.ti_sysbios_knl_Clock_workFuncDynamic)
                  0000e3a8    000000cc     OneLib.a : hci_event.o (.text)
                  0000e474    000000cc     StackWrapper.a : osal.o (.text)
                  0000e540    000000ca     rf_multiMode_cc13x2.a : RFCC26X2_multiMode.c.cc13x2.ticlang.o (.text.RF_updatePaConfiguration)
                  0000e60a    00000002     display_cc13x2.a : DisplayUart2.c.obj (.text.DisplayUart2Min_init)
                  0000e60c    000000c8     OneLib.a : gap_scanner.o (.text)
                  0000e6d4    000000c8              : ll.o (.text)
                  0000e79c    000000c8              : ll_ae.o (.text)
                  0000e864    000000c4     driverlib.lib : setup.o (.text.TrimAfterColdResetWakeupFromShutDown)
                  0000e928    000000c4     OneLib.a : gapgattserver.o (.text)
                  0000e9ec    000000c4              : ll_ae.o (.text)
                  0000eab0    000000c0              : ll.o (.text)
                  0000eb70    000000c0              : ll.o (.text)
                  0000ec30    000000c0              : ll_isr.o (.text)
                  0000ecf0    000000c0              : ll_scheduler.o (.text)
                  0000edb0    000000bc     rf_multiMode_cc13x2.a : RFCC26X2_multiMode.c.cc13x2.ticlang.o (.text.RF_swiHw)
                  0000ee6c    000000bc     drivers_cc13x2.a : UART2CC26X2.c.obj (.text.UART2Support_dmaStartTx)
                  0000ef28    000000bc     OneLib.a : ble.o (.text)
                  0000efe4    000000bc              : ll_ecc.o (.text)
                  0000f0a0    000000b8     devinfoservice.o (.text.devInfo_ReadAttrCB)
                  0000f158    000000b8     ti_ble_config.o (.text.setBondManagerParameters)
                  0000f210    000000b8     ti_sysbios_config.o (.text.ti_sysbios_knl_Task_Instance_finalize)
                  0000f2c8    000000b8     OneLib.a : ll_slave_end_causes.o (.text)
                  0000f380    000000b8     StackWrapper.a : gattservapp_util.o (.text)
                  0000f438    000000b4     drivers_cc13x2.a : ECDHCC26X2.c.obj (.text.ECDHCC26X2_getKeyResult)
                  0000f4ec    000000b4     driverlib.lib : osc.o (.text.NOROM_OSCHF_AttemptToSwitchToXosc)
                  0000f5a0    000000b4     ti_sysbios_config.o (.text.PowerCC26XX_standbyPolicy)
                  0000f654    000000b4     drivers_cc13x2.a : PowerCC26X2.c.obj (.text.Power_releaseDependency)
                  0000f708    000000b4     ti_sysbios_config.o (.text.ti_sysbios_knl_Task_setPri)
                  0000f7bc    000000b4     OneLib.a : gap_scanner.o (.text)
                  0000f870    000000b4     StackWrapper.a : gapbondmgr.o (.text)
                  0000f924    000000b0     drivers_cc13x2.a : PowerCC26X2.c.obj (.text.Power_setDependency)
                  0000f9d4    000000b0     OneLib.a : ll_common.o (.text)
                  0000fa84    000000b0              : ll_enc.o (.text)
                  0000fb34    000000b0     StackWrapper.a : gapbondmgr.o (.text)
                  0000fbe4    000000b0                    : gattservapp_util.o (.text)
                  0000fc94    000000b0     libclang_rt.builtins.a : udivmoddi4.S.obj (.text)
                  0000fd44    000000ac     rf_multiMode_cc13x2.a : RFCC26X2_multiMode.c.cc13x2.ticlang.o (.text.RF_pendCmd)
                  0000fdf0    000000ac     StackWrapper.a : gapbondmgr.o (.text)
                  0000fe9c    000000a8     OneLib.a : hci_data.o (.text)
                  0000ff44    000000a8              : ll.o (.text)
                  0000ffec    000000a8              : ll_common.o (.text)
                  00010094    000000a8     StackWrapper.a : osal_cbtimer.o (.text)
                  0001013c    000000a4     drivers_cc13x2.a : AESCTRCC26XX.c.obj (.text.AESCTR_startOneStepOperation)
                  000101e0    000000a4     icall.o (.text.ICall_heapMalloc)
                  00010284    000000a4     rf_multiMode_cc13x2.a : RFCC26X2_multiMode.c.cc13x2.ticlang.o (.text.RF_initRadioSetup)
                  00010328    000000a4     ti_sysbios_config.o (.text.ti_sysbios_knl_Task_Instance_init)
                  000103cc    000000a4     OneLib.a : ll_ae.o (.text)
                  00010470    000000a4              : ll_ae.o (.text)
                  00010514    000000a0     rf_multiMode_cc13x2.a : RFCC26X2_multiMode.c.cc13x2.ticlang.o (.text.RF_calculateDispatchTime)
                  000105b4    000000a0     OneLib.a : gattservapp.o (.text)
                  00010654    000000a0              : ll_common.o (.text)
                  000106f4    000000a0              : ll_scheduler.o (.text)
                  00010794    0000009c     airtag_spoofer.o (.text.AirtagSpoofer_updatePHYStat)
                  00010830    0000009c     OneLib.a : ll_common.o (.text)
                  000108cc    0000009c              : ll_ecc.o (.text)
                  00010968    0000009a     drivers_cc13x2.a : UART2.c.obj (.text.UART2_writeCancel)
                  00010a02    00000002     rom_init.o (.text.MAP_HCI_CteRequestFailedEvent)
                  00010a04    00000098     nvocmp.o (.text.NVOCMP_erase)
                  00010a9c    00000098     rf_multiMode_cc13x2.a : RFCC26X2_multiMode.c.cc13x2.ticlang.o (.text.RF_defaultSubmitPolicy)
                  00010b34    00000098     drivers_cc13x2.a : UART2CC26X2.c.obj (.text.UART2_close)
                  00010bcc    00000098     OneLib.a : gattservapp.o (.text)
                  00010c64    00000098              : hci_event.o (.text)
                  00010cfc    00000098              : ll_isr.o (.text)
                  00010d94    00000096     rf_multiMode_cc13x2.a : RFCC26X2_multiMode.c.cc13x2.ticlang.o (.text.RF_verifyGap)
                  00010e2a    00000002     rom_init.o (.text.MAP_llClearPeriodicAdvSets)
                  00010e2c    00000094     rf_multiMode_cc13x2.a : RFCC26X2_multiMode.c.cc13x2.ticlang.o (.text.RF_ratRestartChannels)
                  00010ec0    00000094     ti_sysbios_config.o (.text.ti_sysbios_knl_Clock_startI)
                  00010f54    00000094     OneLib.a : gatt_server.o (.text)
                  00010fe8    00000094              : ll.o (.text)
                  0001107c    00000094              : ll_common.o (.text)
                  00011110    00000094              : ll_scheduler.o (.text)
                  000111a4    00000092              : gap_task.o (.text)
                  00011236    00000002     rom_init.o (.text.MAP_llClearPeriodicScanSets)
                  00011238    00000090     drivers_cc13x2.a : GPIOCC26XX.c.obj (.text.GPIO_setConfigAndMux)
                  000112c8    00000090     osal_icall_ble.o (.text.osalInitTasks)
                  00011358    00000090     OneLib.a : ll.o (.text)
                  000113e8    0000008c     simple_gatt_profile.o (.text.SimpleProfile_SetParameter)
                  00011474    0000008c     drivers_cc13x2.a : TRNGCC26XX.c.obj (.text.TRNG_construct)
                  00011500    0000008c     ti_sysbios_config.o (.text.ti_sysbios_knl_Clock_init)
                  0001158c    0000008c     OneLib.a : ll_ae.o (.text)
                  00011618    00000088     airtag_spoofer.o (.text.AirtagSpoofer_processParamUpdate)
                  000116a0    00000088     rf_multiMode_cc13x2.a : RFCC26X2_multiMode.c.cc13x2.ticlang.o (.text.RF_cmdDispatchTime)
                  00011728    00000088                           : RFCC26X2_multiMode.c.cc13x2.ticlang.o (.text.RF_discardPendCmd)
                  000117b0    00000088     OneLib.a : ll_isr.o (.text)
                  00011838    00000088              : sm_rsppairing.o (.text)
                  000118c0    00000088     StackWrapper.a : osal_cbtimer.o (.text)
                  00011948    00000084     icall.o (.text.ICall_setTimer)
                  000119cc    00000084     nvocmp.o (.text.NVOCMP_readHeader)
                  00011a50    00000084     rf_multiMode_cc13x2.a : RFCC26X2_multiMode.c.cc13x2.ticlang.o (.text.RF_getInfo)
                  00011ad4    00000084     OneLib.a : ll_common.o (.text)
                  00011b58    00000080     drivers_cc13x2.a : AESCTRCC26XX.c.obj (.text.AESCTR_hwiFxn)
                  00011bd8    00000080     driverlib.lib : sys_ctrl.o (.text.NOROM_SysCtrlSetRechargeBeforePowerDown)
                  00011c58    00000080     drivers_cc13x2.a : UART2CC26X2.c.obj (.text.UART2Support_dmaStopTx)
                  00011cd8    00000080                      : NVSCC26XX.c.obj (.text.doErase)
                  00011d58    00000080     ti_sysbios_config.o (.text.ti_sysbios_family_arm_m3_Hwi_initNVIC)
                  00011dd8    00000080     ti_sysbios_config.o (.text.ti_sysbios_gates_GateMutexPri_enter)
                  00011e58    00000080     OneLib.a : ll_ae.o (.text)
                  00011ed8    00000080              : ll_enc.o (.text)
                  00011f58    0000007e     driverlib.lib : chipinfo.o (.text.NOROM_ChipInfo_GetChipType)
                  00011fd6    0000007e     OneLib.a : gap_task.o (.text)
                  00012054    0000007c     rf_multiMode_cc13x2.a : RFCC26X2_multiMode.c.cc13x2.ticlang.o (.text.RF_ratDisableChannel)
                  000120d0    0000007c     icall.o (.text.icall_directAPI)
                  0001214c    0000007c     ti_sysbios_config.o (.text.ti_sysbios_family_arm_m3_Hwi_postInit)
                  000121c8    0000007c     OneLib.a : ll_common.o (.text)
                  00012244    0000007c     StackWrapper.a : gapbondmgr.o (.text)
                  000122c0    0000007a     drivers_cc13x2.a : AESCTRDRBGXX.c.obj (.text.AESCTRDRBGXX_updateState)
                  0001233a    00000002     rom_init.o (.text.MAP_llCoexInit)
                  0001233c    00000078     icall.o (.text.ICall_heapInit)
                  000123b4    00000078     driverlib.lib : osc.o (.text.NOROM_OSCHF_SwitchToRcOscTurnOffXosc)
                  0001242c    00000078                   : osc.o (.text.NOROM_OSC_CapArrayAdjustWorkaround_Boot)
                  000124a4    00000078     drivers_cc13x2.a : NVSCC26XX.c.obj (.text.NVSCC26XX_open)
                  0001251c    00000078     rf_multiMode_cc13x2.a : RFCC26X2_multiMode.c.cc13x2.ticlang.o (.text.RF_ratFreeChannel)
                  00012594    00000078     simple_gatt_profile.o (.text.simpleProfile_WriteAttrCB)
                  0001260c    00000078     ti_sysbios_config.o (.text.ti_sysbios_knl_Task_postInit)
                  00012684    00000078     OneLib.a : l2cap_task.o (.text)
                  000126fc    00000078     StackWrapper.a : osal_bufmgr.o (.text)
                  00012774    00000078                    : osal_cbtimer.o (.text)
                  000127ec    00000076     OneLib.a : gattservapp.o (.text)
                  00012862    00000076              : ll_common.o (.text)
                  000128d8    00000076     StackWrapper.a : gap.o (.text)
                  0001294e    00000002     rom_init.o (.text.MAP_llCoexSetParams)
                  00012950    00000074     nvocmp.o (.text.NVOCMP_readItemApi)
                  000129c4    00000074     drivers_cc13x2.a : PowerCC26X2_calibrateRCOSC_helpers.c.obj (.text.PowerCC26X2_updateSubSecInc)
                  00012a38    00000074     rf_multiMode_cc13x2.a : RFCC26X2_multiMode.c.cc13x2.ticlang.o (.text.RF_hwiHw)
                  00012aac    00000074     ti_sysbios_config.o (.text.ti_sysbios_knl_Swi_restoreHwi)
                  00012b20    00000074     ti_sysbios_config.o (.text.ti_sysbios_knl_Task_startup)
                  00012b94    00000074     OneLib.a : gap_linkmgr.o (.text)
                  00012c08    00000074              : ll.o (.text)
                  00012c7c    00000074              : ll_common.o (.text)
                  00012cf0    00000074              : ll_common.o (.text)
                  00012d64    00000074              : ll_common.o (.text)
                  00012dd8    00000074              : ll_enc.o (.text)
                  00012e4c    00000070     drivers_cc13x2.a : AESCCMCC26XX.c.obj (.text.AESCCM_cleanup)
                  00012ebc    00000070                      : AESCTRCC26XX.c.obj (.text.AESCTR_construct)
                  00012f2c    00000070                      : AESECBCC26XX.c.obj (.text.AESECB_construct)
                  00012f9c    00000070     icall_cc2650.o (.text.ICallPlatform_pwrUpdActivityCounter)
                  0001300c    00000070     icall.o (.text.ICall_createRemoteTasksAtRuntime)
                  0001307c    00000070     ti_sysbios_config.o (.text.ti_sysbios_family_arm_m3_Hwi_Instance_init)
                  000130ec    00000070     ti_sysbios_config.o (.text.ti_sysbios_runtime_System_formatNum)
                  0001315c    00000070     OneLib.a : gatt_server.o (.text)
                  000131cc    00000070              : ll_ae.o (.text)
                  0001323c    00000070              : ll_common.o (.text)
                  000132ac    00000070              : ll_common.o (.text)
                  0001331c    00000070              : ll_enc.o (.text)
                  0001338c    00000070              : sm_rsppairing.o (.text)
                  000133fc    00000070     StackWrapper.a : osal.o (.text)
                  0001346c    0000006e     libclang_rt.builtins.a : comparedf2.c.obj (.text.__gedf2)
                  000134da    00000002     rom_init.o (.text.MAP_llCoexUpdateCounters)
                  000134dc    0000006e     libclang_rt.builtins.a : comparedf2.c.obj (.text.__ledf2)
                  0001354a    00000002     rom_init.o (.text.MAP_llDmmDynamicFree)
                  0001354c    0000006c     drivers_cc13x2.a : AESECBCC26XX.c.obj (.text.AESECB_hwiFxn)
                  000135b8    0000006c     icall.o (.text.ICall_wait)
                  00013624    0000006c     nvocmp.o (.text.NVOCMP_eraseNvApi)
                  00013690    0000006c     nvocmp.o (.text.NVOCMP_writeItemApi)
                  000136fc    0000006c     rf_multiMode_cc13x2.a : RFCC26X2_multiMode.c.cc13x2.ticlang.o (.text.RF_getTxPower)
                  00013768    0000006c                           : RFCC26X2_multiMode.c.cc13x2.ticlang.o (.text.RF_issueRadioFreeCb)
                  000137d4    0000006c     drivers_cc13x2.a : Random.c.obj (.text.Random_seedAutomatic)
                  00013840    0000006c                      : PowerCC26X2.c.obj (.text.oscillatorISR)
                  000138ac    0000006c     ti_sysbios_config.o (.text.ti_sysbios_family_arm_m3_Hwi_dispatchC)
                  00013918    0000006c     OneLib.a : gatt_server.o (.text)
                  00013984    0000006c              : ll_isr.o (.text)
                  000139f0    0000006c     StackWrapper.a : osal_cbtimer.o (.text)
                  00013a5c    0000006a     nvocmp.o (.text.NVOCMP_verifyCRC)
                  00013ac6    0000006a     libc.a : copy_decompress_lzss.c.obj (.text:decompress:lzss)
                  00013b30    00000068     icall.o (.text.ICall_enrollService)
                  00013b98    00000068     icall.o (.text.ICall_send)
                  00013c00    00000068     icall.o (.text.ICall_sendServiceComplete)
                  00013c68    00000068     rf_multiMode_cc13x2.a : RFCC26X2_multiMode.c.cc13x2.ticlang.o (.text.RF_detachOverrides)
                  00013cd0    00000068     drivers_cc13x2.a : UART2CC26X2.c.obj (.text.UART2Support_dmaStopRx)
                  00013d38    00000068     ti_sysbios_config.o (.text.ti_sysbios_knl_Event_post)
                  00013da0    00000068     ti_sysbios_config.o (.text.ti_sysbios_knl_Swi_run)
                  00013e08    00000068     OneLib.a : gap_task.o (.text)
                  00013e70    00000068              : ll.o (.text)
                  00013ed8    00000068              : ll_ae.o (.text)
                  00013f40    00000068              : ll_common.o (.text)
                  00013fa8    00000068     StackWrapper.a : osal_timers.o (.text)
                  00014010    00000066                    : icall_lite_translation.o (.text)
                  00014076    00000002     rom_init.o (.text.MAP_llDmmSetThreshold)
                  00014078    00000064     drivers_cc13x2.a : AESCCMCC26XX.c.obj (.text.AESCCM_hwiFxn)
                  000140dc    00000064                      : PowerCC26X2_calibrateRCOSC.c.obj (.text.PowerCC26X2_initiateCalibration)
                  00014140    00000064     rf_multiMode_cc13x2.a : RFCC26X2_multiMode.c.cc13x2.ticlang.o (.text.RF_attachOverrides)
                  000141a4    00000064                           : RFCC26X2_multiMode.c.cc13x2.ticlang.o (.text.RF_dispatchNextEvent)
                  00014208    00000064                           : RFCC26X2_multiMode.c.cc13x2.ticlang.o (.text.RF_hwiCpe0PowerFsm)
                  0001426c    00000064     drivers_cc13x2.a : UDMACC26XX.c.obj (.text.UDMACC26XX_open)
                  000142d0    00000064     ti_sysbios_config.o (.text.ti_sysbios_gates_GateMutexPri_leave)
                  00014334    00000064     ti_sysbios_config.o (.text.ti_sysbios_knl_Idle_init)
                  00014398    00000064     ti_sysbios_config.o (.text.ti_sysbios_knl_TaskSupport_buildTaskStack)
                  000143fc    00000064     OneLib.a : gapgattserver.o (.text)
                  00014460    00000064              : gattservapp.o (.text)
                  000144c4    00000064              : gattservapp.o (.text)
                  00014528    00000064              : ll_common.o (.text)
                  0001458c    00000064              : ll_scheduler.o (.text)
                  000145f0    00000062     rf_multiMode_cc13x2.a : RFCC26X2_multiMode.c.cc13x2.ticlang.o (.text.RF_syncCb)
                  00014652    00000002     rom_init.o (.text.MAP_llHealthUpdate)
                  00014654    00000062     libclang_rt.builtins.a : aeabi_dcmp.S.obj (.text)
                  000146b6    00000002     rom_init.o (.text.MAP_llMaster_TaskEnd)
                  000146b8    00000060     drivers_cc13x2.a : CryptoResourceCC26XX.c.obj (.text.CryptoResourceCC26XX_constructRTOSObjects)
                  00014718    00000060     nvocmp.o (.text.NVOCMP_checkItem)
                  00014778    00000060     drivers_cc13x2.a : PKAResourceCC26XX.c.obj (.text.PKAResourceCC26XX_constructRTOSObjects)
                  000147d8    00000060     main.o (.text.main)
                  00014838    00000060     osal_icall_ble.o (.text.stack_main)
                  00014898    00000060     ti_sysbios_config.o (.text.ti_sysbios_knl_Clock_walkQueueDynamic)
                  000148f8    00000060     ti_sysbios_config.o (.text.ti_sysbios_knl_Semaphore_post)
                  00014958    00000060     ti_sysbios_config.o (.text.ti_sysbios_knl_Swi_schedule)
                  000149b8    00000060     OneLib.a : ll_common.o (.text)
                  00014a18    00000060              : sm_pairing.o (.text)
                  00014a78    00000060     StackWrapper.a : gapbondmgr.o (.text)
                  00014ad8    0000005e     rf_multiMode_cc13x2.a : rfc.c.cc13x2.ticlang.o (.text.NOROM_RFCAnaDivTxOverride)
                  00014b36    0000005e     OneLib.a : ll_common.o (.text)
                  00014b94    0000005c     drivers_cc13x2.a : TRNGCC26XX.c.obj (.text.TRNGCC26XX_startTrng)
                  00014bf0    0000005c     simple_gatt_profile.o (.text.simpleProfile_ReadAttrCB)
                  00014c4c    0000005c     OneLib.a : gap_perilinkmgr.o (.text)
                  00014ca8    0000005c              : ll_scheduler.o (.text)
                  00014d04    0000005c              : sm_intpairing.o (.text)
                  00014d60    0000005c              : sm_rsppairing.o (.text)
                  00014dbc    0000005c     StackWrapper.a : gapbondmgr.o (.text)
                  00014e18    0000005a     OneLib.a : hci.o (.text)
                  00014e72    00000002     rom_init.o (.text.MAP_llPeriodicAdv_PostProcess)
                  00014e74    00000058     drivers_cc13x2.a : ECDHCC26X2.c.obj (.text.ECDH_construct)
                  00014ecc    00000058     icall.o (.text.HEAPMGR_GETLARGESTFREEBUF)
                  00014f24    00000058     icall.o (.text.ICall_fetchMsg)
                  00014f7c    00000058     rf_multiMode_cc13x2.a : RFCC26X2_multiMode.c.cc13x2.ticlang.o (.text.RF_applyRfCorePatch)
                  00014fd4    00000058     drivers_cc13x2.a : TRNGCC26XX.c.obj (.text.TRNG_init)
                  0001502c    00000058     sysbios.a : Hwi_asm_switch_gcc.s.obj (.text.ti_sysbios_family_arm_m3_Hwi_initStacks)
                  00015084    00000058     OneLib.a : gap_scanner.o (.text)
                  000150dc    00000058              : ll_ae.o (.text)
                  00015134    00000058              : ll_common.o (.text)
                  0001518c    00000058              : ll_enc.o (.text)
                  000151e4    00000058              : ll_isr.o (.text)
                  0001523c    00000058              : sm_pairing.o (.text)
                  00015294    00000058     StackWrapper.a : sm_ecc.o (.text)
                  000152ec    00000056     drivers_cc13x2.a : StructRingBuf.c.obj (.text.StructRingBuf_put)
                  00015342    00000056                      : UART2.c.obj (.text.UART2_readCancel)
                  00015398    00000056     StackWrapper.a : gapbondmgr.o (.text)
                  000153ee    00000002     rom_init.o (.text.MAP_llProcessPeriodicScanRxFIFO)
                  000153f0    00000054     drivers_cc13x2.a : AESCCMCC26XX.c.obj (.text.AESCCM_construct)
                  00015444    00000054     icall.o (.text.ICall_registerApp)
                  00015498    00000054     nvocmp.o (.text.NVOCMP_compactNvApi)
                  000154ec    00000054     nvocmp.o (.text.NVOCMP_getDstPage)
                  00015540    00000054     rf_multiMode_cc13x2.a : RFCC26X2_multiMode.c.cc13x2.ticlang.o (.text.RF_getCurrentTime)
                  00015594    00000054     util.o (.text.Util_constructClock)
                  000155e8    00000054     OneLib.a : gattservapp.o (.text)
                  0001563c    00000054              : hci_event.o (.text)
                  00015690    00000054              : linkdb.o (.text)
                  000156e4    00000054              : ll.o (.text)
                  00015738    00000054              : ll_ae.o (.text)
                  0001578c    00000054              : ll_ae.o (.text)
                  000157e0    00000054              : ll_ae.o (.text)
                  00015834    00000052     display_cc13x2.a : DisplayUart2.c.obj (.text.DisplayUart2Min_vprintf)
                  00015886    00000052     driverlib.lib : chipinfo.o (.text.NOROM_ChipInfo_GetHwRevision)
                  000158d8    00000052     OneLib.a : gap_centlinkmgr.o (.text)
                  0001592a    00000002     rom_init.o (.text.MAP_llSetPeriodicSyncInfo)
                  0001592c    00000050     ti_drivers_config.o (.text.Board_shutDownExtFlash)
                  0001597c    00000050     display_cc13x2.a : Display.c.obj (.text.Display_doOpen)
                  000159cc    00000050     nvocmp.o (.text.NVOCMP_loadApiPtrsMin)
                  00015a1c    00000050     rf_multiMode_cc13x2.a : RFCC26X2_multiMode.c.cc13x2.ticlang.o (.text.RF_wakeupNotification)
                  00015a6c    00000050     simple_gatt_profile.o (.text.SimpleProfile_AddService)
                  00015abc    00000050     ti_sysbios_config.o (.text.ti_sysbios_knl_Swi_post)
                  00015b0c    00000050     ti_sysbios_config.o (.text.ti_sysbios_knl_Swi_runLoop)
                  00015b5c    00000050     ti_sysbios_config.o (.text.ti_sysbios_knl_Task_schedule)
                  00015bac    00000050     OneLib.a : gap_perilinkmgr.o (.text)
                  00015bfc    00000050              : gattservapp.o (.text)
                  00015c4c    00000050              : hci_tl.o (.text)
                  00015c9c    00000050              : ll_enc.o (.text)
                  00015cec    00000050     StackWrapper.a : osal.o (.text)
                  00015d3c    00000050                    : osal_clock.o (.text)
                  00015d8c    0000004e     drivers_cc13x2.a : AESECBCC26XX.c.obj (.text.AESECB_startOperation)
                  00015dda    0000004e     ti_drivers_config.o (.text.Board_sendExtFlashByte)
                  00015e28    0000004e     nvocmp.o (.text.NVOCMP_readItem)
                  00015e76    0000004e     StackWrapper.a : gap.o (.text)
                  00015ec4    0000004c     ti_sysbios_config.o (.text.BIOS_startFunc)
                  00015f10    0000004c     drivers_cc13x2.a : CryptoUtils.c.obj (.text.CryptoUtils_reverseCopyPad)
                  00015f5c    0000004c     icall.o (.text.ICall_newTask)
                  00015fa8    0000004c     driverlib.lib : osc.o (.text.NOROM_OSC_HPOSCRelativeFrequencyOffsetGet)
                  00015ff4    0000004c     nvocmp.o (.text.NVOCMP_setItemInactive)
                  00016040    0000004c     drivers_cc13x2.a : NVSCC26XX.c.obj (.text.NVSCC26XX_init)
                  0001608c    0000004c                      : NVSCC26XX.c.obj (.text.NVSCC26XX_read)
                  000160d8    0000004c     rf_multiMode_cc13x2.a : RFCC26X2_multiMode.c.cc13x2.ticlang.o (.text.RF_fsmXOSCState)
                  00016124    0000004c     drivers_cc13x2.a : StructRingBuf.c.obj (.text.StructRingBuf_get)
                  00016170    0000004c     rf_multiMode_cc13x2.a : rf_patch_cpe_bt5.c.cc13x2.ticlang.o (.text.configureBt5Patch)
                  000161bc    0000004c     drivers_cc13x2.a : PowerCC26X2.c.obj (.text.switchXOSCHF)
                  00016208    0000004c     ti_sysbios_config.o (.text.ti_sysbios_knl_Swi_Instance_init)
                  00016254    0000004c     ti_sysbios_config.o (.text.ti_sysbios_runtime_Startup_exec)
                  000162a0    0000004c     OneLib.a : ble.o (.text)
                  000162ec    0000004c              : ll_common.o (.text)
                  00016338    0000004c              : ll_scheduler.o (.text)
                  00016384    0000004c              : ll_scheduler.o (.text)
                  000163d0    0000004c     StackWrapper.a : gattservapp_util.o (.text)
                  0001641c    00000048     airtag_spoofer.o (.text.AirtagSpoofer_clearConnListEntry)
                  00016464    00000048     rom_init.o (.text.MAP_llInitFeatureSet)
                  000164ac    00000048     driverlib.lib : aux_sysif.o (.text.NOROM_AUXSYSIFOpModeChange)
                  000164f4    00000048     rf_multiMode_cc13x2.a : rfc.c.cc13x2.ticlang.o (.text.NOROM_RFCSynthPowerDown)
                  0001653c    00000048     drivers_cc13x2.a : NVS.c.obj (.text.NVS_open)
                  00016584    00000048                      : PowerCC26X2.c.obj (.text.PowerCC26XX_switchXOSC_HF)
                  000165cc    00000048     ti_sysbios_config.o (.text.ti_sysbios_family_arm_cc26xx_Timer_start)
                  00016614    00000048     OneLib.a : att_util.o (.text)
                  0001665c    00000048              : gattservapp.o (.text)
                  000166a4    00000048              : ll.o (.text)
                  000166ec    00000048              : ll.o (.text)
                  00016734    00000048              : ll.o (.text)
                  0001677c    00000048              : ll_common.o (.text)
                  000167c4    00000048              : ll_common.o (.text)
                  0001680c    00000048     libclang_rt.builtins.a : fixdfsi.S.obj (.text)
                  00016854    00000046     drivers_cc13x2.a : RingBuf.c.obj (.text.RingBuf_put)
                  0001689a    00000002     rom_init.o (.text.MAP_llTerminatePeriodicScan)
                  0001689c    00000044     ti_sysbios_config.o (.text.BIOS_atExitFunc)
                  000168e0    00000044     drivers_cc13x2.a : GPIOCC26X2.c.obj (.text.GPIO_hwiIntFxn)
                  00016924    00000044     icall.o (.text.ICall_getEntityId)
                  00016968    00000044     driverlib.lib : prcm.o (.text.NOROM_PRCMPowerDomainsAllOff)
                  000169ac    00000044                   : prcm.o (.text.NOROM_PRCMPowerDomainsAllOn)
                  000169f0    00000044     rf_multiMode_cc13x2.a : RFCC26X2_multiMode.c.cc13x2.ticlang.o (.text.RF_cmdGet)
                  00016a34    00000044                           : RFCC26X2_multiMode.c.cc13x2.ticlang.o (.text.RF_updatePowerupDuration)
                  00016a78    00000044     ti_sysbios_config.o (.text.ti_sysbios_family_arm_m3_Hwi_Instance_finalize)
                  00016abc    00000044     ti_sysbios_config.o (.text.ti_sysbios_family_arm_m3_Hwi_construct2)
                  00016b00    00000044     ti_sysbios_config.o (.text.ti_sysbios_family_arm_m3_Hwi_disableInterrupt)
                  00016b44    00000044     ti_sysbios_config.o (.text.ti_sysbios_family_arm_m3_Hwi_enableInterrupt)
                  00016b88    00000044     ti_sysbios_config.o (.text.ti_sysbios_knl_Swi_restore)
                  00016bcc    00000044     OneLib.a : ll.o (.text)
                  00016c10    00000044              : ll.o (.text)
                  00016c54    00000044              : ll_ae.o (.text)
                  00016c98    00000044     StackWrapper.a : osal.o (.text)
                  00016cdc    00000044                    : osal_timers.o (.text)
                  00016d20    00000044     libclang_rt.builtins.a : fixunsdfsi.S.obj (.text)
                  00016d64    00000042     airtag_spoofer.o (.text.AirtagSpoofer_passcodeCb)
                  00016da6    00000042     OneLib.a : ll.o (.text)
                  00016de8    00000042              : ll_ae.o (.text)
                  00016e2a    00000042              : ll_common.o (.text)
                  00016e6c    00000040     drivers_cc13x2.a : AESCTRDRBGXX.c.obj (.text.AESCTRDRBGXX_addBigendCounter)
                  00016eac    00000040                      : ECDHCC26X2.c.obj (.text.ECDHCC26X2_waitForResult)
                  00016eec    00000040     icall.o (.text.ICall_setTimerMSecs)
                  00016f2c    00000040     drivers_cc13x2.a : PowerCC26X2_calibrateRCOSC.c.obj (.text.PowerCC26X2_RCOSC_clockFunc)
                  00016f6c    00000040                      : PowerCC26X2_calibrateRCOSC_helpers.c.obj (.text.PowerCC26X2_setAclkRefSrc)
                  00016fac    00000040     simple_gatt_profile.o (.text.SimpleProfile_GetParameter)
                  00016fec    00000040     drivers_cc13x2.a : NVSCC26XX.c.obj (.text.disableFlashCache)
                  0001702c    00000040     ti_sysbios_config.o (.text.ti_sysbios_knl_Clock_getTicksUntilInterrupt)
                  0001706c    00000040     ti_sysbios_config.o (.text.ti_sysbios_knl_Task_exit)
                  000170ac    00000040     OneLib.a : gap_configmgr.o (.text)
                  000170ec    00000040              : gattservapp.o (.text)
                  0001712c    00000040              : ll_common.o (.text)
                  0001716c    00000040              : ll_common.o (.text)
                  000171ac    00000040              : sm_intpairing.o (.text)
                  000171ec    00000040     StackWrapper.a : osal.o (.text)
                  0001722c    00000040                    : osal_bufmgr.o (.text)
                  0001726c    00000040                    : osal_bufmgr.o (.text)
                  000172ac    00000040                    : osal_timers.o (.text)
                  000172ec    0000003e     OneLib.a : ll_common.o (.text)
                  0001732a    00000002     rom_init.o (.text.MAP_llUpdateCteState)
                  0001732c    0000003c     airtag_spoofer.o (.text.AirtagSpoofer_clockHandler)
                  00017368    0000003c     display_cc13x2.a : DisplayUart2.c.obj (.text.DisplayUart2Min_open)
                  000173a4    0000003c     drivers_cc13x2.a : GPIO.c.obj (.text.GPIO_resetConfig)
                  000173e0    0000003c     ti_sysbios_config.o (.text.HwiP_construct)
                  0001741c    0000003c     icall.o (.text.ICall_dispatch)
                  00017458    0000003c     driverlib.lib : sys_ctrl.o (.text.NOROM_SysCtrlIdle)
                  00017494    0000003c     nvocmp.o (.text.NVOCMP_getFreeNvApi)
                  000174d0    0000003c     drivers_cc13x2.a : PowerCC26X2_calibrateRCOSC_helpers.c.obj (.text.PowerCC26X2_setTdcClkSrc24M)
                  0001750c    0000003c     ti_sysbios_config.o (.text.ti_sysbios_family_arm_cc26xx_Timer_periodicStub)
                  00017548    0000003c     ti_sysbios_config.o (.text.ti_sysbios_family_arm_cc26xx_Timer_setThreshold)
                  00017584    0000003c     ti_sysbios_config.o (.text.ti_sysbios_heaps_HeapCallback_construct)
                  000175c0    0000003c     ti_sysbios_config.o (.text.ti_sysbios_knl_ClockSupport_init)
                  000175fc    0000003c     ti_sysbios_config.o (.text.ti_sysbios_knl_Task_blockI)
                  00017638    0000003c     ti_sysbios_config.o (.text.ti_sysbios_knl_Task_create)
                  00017674    0000003c     ti_sysbios_config.o (.text.ti_sysbios_knl_Task_restore)
                  000176b0    0000003c     ti_sysbios_config.o (.text.ti_sysbios_runtime_Memory_alloc)
                  000176ec    0000003c     OneLib.a : gap_linkmgr.o (.text)
                  00017728    0000003c              : gattservapp.o (.text)
                  00017764    0000003c              : gattservapp.o (.text)
                  000177a0    0000003c              : gattservapp.o (.text)
                  000177dc    0000003c              : hci_event.o (.text)
                  00017818    0000003c              : hci_tl.o (.text)
                  00017854    0000003c              : linkdb.o (.text)
                  00017890    0000003c              : ll_ae.o (.text)
                  000178cc    0000003c     StackWrapper.a : osal.o (.text)
                  00017908    0000003c                    : osal.o (.text)
                  00017944    0000003c                    : osal.o (.text)
                  00017980    0000003c                    : osal_timers.o (.text)
                  000179bc    0000003c                    : sm_ecc.o (.text)
                  000179f8    0000003a     drivers_cc13x2.a : CryptoUtils.c.obj (.text.CryptoUtils_copyPad)
                  00017a32    0000003a     ti_sysbios_config.o (.text.ti_sysbios_knl_Task_checkStacks)
                  00017a6c    0000003a     StackWrapper.a : osal.o (.text)
                  00017aa6    00000002     rom_init.o (.text.MAP_llUpdatePeriodicAdvChainPacket)
                  00017aa8    00000038     drivers_cc13x2.a : AESCTRCC26XX.c.obj (.text.AESCTR_cleanup)
                  00017ae0    00000038                      : AESECBCC26XX.c.obj (.text.AESECB_cleanup)
                  00017b18    00000038     airtag_spoofer.o (.text.AirtagSpoofer_createTask)
                  00017b50    00000038     icall.o (.text.ICall_heapFree)
                  00017b88    00000038     icall.o (.text.ICall_searchServiceEntity)
                  00017bc0    00000038     nvocmp.o (.text.NVOCMP_disableCache)
                  00017bf8    00000038     nvocmp.o (.text.NVOCMP_write)
                  00017c30    00000038     drivers_cc13x2.a : PowerCC26X2_helpers.c.obj (.text.PowerCC26X2_oscDisableQualifiers)
                  00017c68    00000038                      : Random.c.obj (.text.Random_getNumber)
                  00017ca0    00000038                      : RingBuf.c.obj (.text.RingBuf_putAdvance)
                  00017cd8    00000038                      : UDMACC26XX.c.obj (.text.UDMACC26XX_close)
                  00017d10    00000038     rf_multiMode_cc13x2.a : rf_patch_cpe_bt5.c.cc13x2.ticlang.o (.text.rf_patch_cpe_bt5)
                  00017d48    00000038     ti_sysbios_config.o (.text.ti_sysbios_knl_Task_processVitalTaskFlag)
                  00017d80    00000038     OneLib.a : hci.o (.text)
                  00017db8    00000038              : linkdb.o (.text)
                  00017df0    00000038              : ll_ae.o (.text)
                  00017e28    00000038              : ll_ae.o (.text)
                  00017e60    00000038              : ll_enc.o (.text)
                  00017e98    00000038              : ll_scheduler.o (.text)
                  00017ed0    00000038              : ll_scheduler.o (.text)
                  00017f08    00000038              : ll_scheduler.o (.text)
                  00017f40    00000038              : sm_rsppairing.o (.text)
                  00017f78    00000038     StackWrapper.a : gattservapp_util.o (.text)
                  00017fb0    00000038                    : osal_timers.o (.text)
                  00017fe8    00000038     libc.a : autoinit.c.obj (.text:__TI_auto_init_nobinit_nopinit)
                  00018020    00000038     libclang_rt.builtins.a : extendsfdf2.S.obj (.text)
                  00018058    00000036     drivers_cc13x2.a : CryptoUtils.c.obj (.text.CryptoUtils_buffersMatch)
                  0001808e    00000036     icall.o (.text.ICall_fetchServiceMsg)
                  000180c4    00000036     StackWrapper.a : ble_dispatch_lite.o (.text)
                  000180fa    00000002     rf_multiMode_cc13x2.a : rfc.c.cc13x2.ticlang.o (.text.NOROM_RFCCpePatchReset)
                  000180fc    00000034     icall.o (.text.ICall_searchTask)
                  00018130    00000034     nvocmp.o (.text.NVOCMP_changePageState)
                  00018164    00000034     drivers_cc13x2.a : PowerCC26X2_helpers.c.obj (.text.PowerCC26X2_setSubSecIncToXoscLf)
                  00018198    00000034                      : PowerCC26X2.c.obj (.text.Power_releaseConstraint)
                  000181cc    00000034     rf_multiMode_cc13x2.a : RFCC26X2_multiMode.c.cc13x2.ticlang.o (.text.RF_powerConstraintRelease)
                  00018200    00000034                           : RFCC26X2_multiMode.c.cc13x2.ticlang.o (.text.RF_runDirectImmediateCmd)
                  00018234    00000034     ti_sysbios_config.o (.text.SwiP_construct)
                  00018268    00000034     drivers_cc13x2.a : UART2CC26X2.c.obj (.text.UART2Support_sendData)
                  0001829c    00000034                      : UART2.c.obj (.text.UART2_rxDisable)
                  000182d0    00000034     util.o (.text.Util_enqueueMsg)
                  00018304    00000034     ti_sysbios_config.o (.text._pthread_cleanupFxn)
                  00018338    00000034     ti_sysbios_config.o (.text.ti_sysbios_family_arm_m3_Hwi_getStackInfo)
                  0001836c    00000034     ti_sysbios_config.o (.text.ti_sysbios_family_arm_m3_Hwi_init)
                  000183a0    00000034     ti_sysbios_config.o (.text.ti_sysbios_knl_Clock_Instance_init)
                  000183d4    00000034     ti_sysbios_config.o (.text.ti_sysbios_knl_Task_unblockI)
                  00018408    00000034     ti_sysbios_config.o (.text.ti_sysbios_runtime_Error_raiseX)
                  0001843c    00000034     OneLib.a : hci.o (.text)
                  00018470    00000034              : ll_ae.o (.text)
                  000184a4    00000034     StackWrapper.a : gapbondmgr.o (.text)
                  000184d8    00000034                    : icall_startup.o (.text)
                  0001850c    00000034     sysbios.a : boot_cortex_m.c.obj (.text:_c_int00)
                  00018540    00000032     ti_sysbios_config.o (.text.ti_sysbios_knl_Event_pendTimeout)
                  00018572    00000032     ti_sysbios_config.o (.text.ti_sysbios_knl_Semaphore_pendTimeout)
                  000185a4    00000030     airtag_spoofer.o (.text.AirtagSpoofer_enqueueMsg)
                  000185d4    00000030     ti_sysbios_config.o (.text.BIOS_init)
                  00018604    00000030     ti_drivers_config.o (.text.Board_wakeUpExtFlash)
                  00018634    00000030     ti_sysbios_config.o (.text.ClockP_construct)
                  00018664    00000030     icall.o (.text.ICall_primEntityId2ServiceId)
                  00018694    00000030     drivers_cc13x2.a : NVSCC26XX.c.obj (.text.NVSCC26XX_erase)
                  000186c4    00000030                      : PowerCC26X2.c.obj (.text.Power_setConstraint)
                  000186f4    00000030     rf_multiMode_cc13x2.a : RFCC26X2_multiMode.c.cc13x2.ticlang.o (.text.RF_checkCmdFsError)
                  00018724    00000030     rom_init.o (.text.ROM_Init)
                  00018754    00000030     drivers_cc13x2.a : PowerCC26X2.c.obj (.text.notify)
                  00018784    00000030     ti_sysbios_config.o (.text.ti_sysbios_family_arm_m3_Hwi_excHandlerMin)
                  000187b4    00000030     ti_sysbios_config.o (.text.ti_sysbios_knl_TaskSupport_start)
                  000187e4    00000030     ti_sysbios_config.o (.text.ti_sysbios_runtime_System_atexit)
                  00018814    00000030     ti_sysbios_config.o (.text.ti_sysbios_runtime_System_processAtExit)
                  00018844    00000030     OneLib.a : ll.o (.text)
                  00018874    00000030              : ll_scheduler.o (.text)
                  000188a4    00000030     StackWrapper.a : osal_timers.o (.text)
                  000188d4    0000002e     airtag_spoofer.o (.text.AirtagSpoofer_pairStateCb)
                  00018902    00000002     rf_multiMode_cc13x2.a : RFCC26X2_multiMode.c.cc13x2.ticlang.o (.text.RF_defaultCallback)
                  00018904    0000002e     driverlib.lib : chipinfo.o (.text.NOROM_ThisLibraryIsFor_CC13x2_CC26x2_HwRev20AndLater_HaltIfViolated)
                  00018932    0000002e     rf_multiMode_cc13x2.a : RFCC26X2_multiMode.c.cc13x2.ticlang.o (.text.RF_calculateDeltaTimeUs)
                  00018960    0000002e     drivers_cc13x2.a : RingBuf.c.obj (.text.RingBuf_getConsume)
                  0001898e    0000002e                      : RingBuf.c.obj (.text.RingBuf_putPointer)
                  000189bc    0000002e     OneLib.a : gattservapp.o (.text)
                  000189ea    0000002e              : gattservapp.o (.text)
                  00018a18    0000002e     libclang_rt.builtins.a : floatsidf.S.obj (.text)
                  00018a46    00000002     drivers_cc13x2.a : UART2CC26X2.c.obj (.text.UART2CC26X2_eventCallback)
[...]
20000fba  l2capNumChannels                                                   
20000fbb  l2capNumDataPkts                                                   
20000fbc  l2capNumPSM                                                        
20000fbd  l2capNumCoChannels                                                 
20000fbe  l2cap_gattServAppTaskID                                            
20000fbf  l2capId                                                            
20000fc1  linkDBNumConns                                                     
20000fc2  linkDB_secureConnectionOnlyMode                                    
20000fc3  maxPduSize                                                         
20000fc4  rfFeModeBias                                                       
20000fc5  defaultPhy                                                         
20000fc6  maxNumTxDataBufs                                                   
20000fc7  LL_TaskID                                                          
20000fc8  llState                                                            
20000fc9  rssiCorrection                                                     
20000fca  curTxPowerVal                                                      
20000fcb  maxTxPwrForDTM                                                     
20000fcc  onePktPerEvt                                                       
20000fcd  numComplPkts                                                       
20000fce  numComplPktsLimit                                                  
20000fcf  numComplPktsFlush                                                  
20000fd0  fastTxRespTime                                                     
20000fd1  slOverride                                                         
20000fd2  rxFifoFlowCtrl                                                     
20000fd3  numTxDataBufs                                                      
20000fd4  maxNumConns                                                        
20000fd5  aeCurHandle                                                        
20000fd6  aeCurAdvEnableHandle                                               
20000fd7  aeCurConnHandle                                                    
20000fd8  extScanIndex                                                       
20000fd9  extInitIndex                                                       
20000fda  scanState                                                          
20000fdb  lastPrimPhy                                                        
20000fdc  lastScanRsp                                                        
20000fdd  smTaskID                                                           
20000fde  SM_appExpectingKey                                                 
20001900  PowerCC26X2_module                                                 
20001da8  gapAttrTbl                                                         
20001e58  gpioPinConfigs                                                     
20001ed4  ICall_dispatcher                                                   
20001f52  bleUserCfg_maxPduSize                                              
20001fcc  txPowerTable_2400_pa5_20                                           
20002040  llUserConfig                                                       
20002188  BIOS_Module_state                                                  
200021b4  ti_sysbios_family_arm_m3_Hwi_Module_state                          
200021f0  ti_sysbios_runtime_Startup_done                                    
200021f3  ti_sysbios_knl_Idle_initDone                                       
200021f4  ti_sysbios_runtime_Memory_defaultHeapInstance                      
2000220c  ti_sysbios_runtime_Error_ignore                                    
20002218  ti_sysbios_family_arm_cc26xx_Timer_Module_state                    
20002224  ti_sysbios_runtime_System_Module_state                             
20002230  ti_sysbios_knl_Swi_Module_state                                    
20002258  ti_sysbios_knl_Clock_Module_state                                  
2000237c  pOverrides_bleCommon                                               
200023cc  gattAttrTbl                                                        
2000240c  sm_eccKeys_sc_host_debug                                           
2000244c  nvintfFncStruct                                                    
20002488  ti_sysbios_knl_Task_Module_state                                   
2000255a  disconnectImmedConnId                                              
20002584  eccParams_NISTP256                                                 
200025a8  pOverrides_bleTxStd                                                
200025cc  pOverrides_bleTx20                                                 
200025ec  advParams1                                                         
20002608  advParams2                                                         
20002624  pOverrides_ble2Mbps                                                
20002640  scanResData1                                                       
2000265c  pOverrides_ble1Mbps                                                
20002674  attDeviceName                                                      
2000268a  llUserConfig_maxPduSize                                            
2000268c  argPeriodic                                                        
2000268d  argRpaRead                                                         
2000268e  autoConnect                                                        
20002690  dispHandle                                                         
200026a4  ICall_enterCriticalSection                                         
200026a8  ICall_leaveCriticalSection                                         
200026ac  heapmgrMemFreeTotal                                                
2000271d  PKAResourceCC26XX_pollingFlag                                      
2000271e  baseTaskID                                                         
20002720  RF_modeBle                                                         
20002730  _hposcCoeffs                                                       
20002740  bleAppServiceInfoTable                                             
20002750  pOverrides_bleCoded                                                
20002760  user0Cfg                                                           
20002770  gattAttrTbl_gatt_no_service_changed                                
20002780  sizeInfo                                                           
20002790  pairMode                                                           
20002791  mitm                                                               
20002792  ioCap                                                              
20002793  bonding                                                            
20002794  secureConnection                                                   
20002795  authenPairingOnly                                                  
20002796  autoSyncWL                                                         
20002797  eccReGenPolicy                                                     
20002798  KeySize                                                            
20002799  removeLRUBond                                                      
2000279a  KeyDistList                                                        
2000279b  eccDebugKeys                                                       
2000279c  allowDebugKeys                                                     
2000279d  eraseBondWhileInConn                                               
2000279e  sameIrkAction                                                      
200027bc  advData2                                                           
200027d8  RFCC26XX_schedulerPolicy                                           
200027e0  ti_sysbios_gates_GateMutexPri_Module_state                         
200027e8  ti_sysbios_heaps_HeapCallback_Module_state                         
200027f0  ti_sysbios_knl_Event_state                                         
200027f8  ti_sysbios_knl_Semaphore_Module_state                              
20002800  periConnParameters                                                 
20002808  clientCbs                                                          
20002818  _lock                                                              
2000281c  _unlock                                                            
20002820  appAssertCback                                                     
20002824  icallServiceTblPtr                                                 
20002828  pRandomAddress                                                     
2000282c  pRfErrCb                                                           
20002830  pfnBMAlloc                                                         
20002834  pfnBMFree                                                          
20002838  patchedSlaveCtrlPktList                                            
2000283c  halAssertCback                                                     
20002850  deviceNameCharProps                                                
20002851  appearanceCharProps                                                
20002852  periConnParamCharProps                                             
20002853  centAddrResCharProps                                               
20002854  centAddrRes                                                        
20002855  resolvablePrivateAddressOnlyCharProps                              
20002856  GATTServApp_gatt_no_service_changed                                
20002858  qosDefaultPriorityConnParameter                                    
20002859  extScanChanMap                                                     
2000285a  sizeOfAllExtConnParam                                              
2000285b  rfRatHandle                                                        
2000285c  smAllowDebugKeysMode                                               
2000285d  gapEndAppTaskID                                                    
2000285e  gapAppTaskID                                                       
2000285f  legacyMode                                                         
20002c60  spTaskStack                                                        
20003060  ti_sysbios_knl_Idle_taskStack                                      
20003620  uart2CC26X2Objects                                                 
20003790  rfObject                                                           
20003890  ti_sysbios_family_arm_m3_Hwi_dispatchTable                         
20003a28  aesctrdrbgXXObjects                                                
20003acc  trngCC26XXObjects                                                  
20003b50  gpioCallbackFunctions                                              
20003bcc  gpioUserArgs                                                       
20003c48  cbTimers                                                           
20003d28  ti_sysbios_knl_ClockSupport_timerStruct                            
20003d88  spTask                                                             
20003de0  ti_sysbios_knl_Idle_taskStruct                                     
20003e38  CryptoResourceCC26XX_accessSemaphore                               
20003e88  CryptoResourceCC26XX_operationSemaphore                            
20003ed8  PKAResourceCC26XX_accessSemaphore                                  
20003f28  PKAResourceCC26XX_operationSemaphore                               
2000403c  nvFptrs                                                            
20004078  ti_sysbios_knl_Swi_readyQs                                         
200040a8  ti_sysbios_knl_Task_readyQs                                        
200040d8  NVOCMP_nvHandle                                                    
20004106  appearance                                                         
20004108  rfSetup                                                            
20004134  aesecbCC26XXObjects                                                
2000415c  llCteSamples                                                       
200041c0  req                                                                
200041e0  extInitCmd                                                         
20004200  extScanCmd                                                         
20004220  gapBond_remoteOobData                                              
20004240  gapBond_localOobData                                               
20004260  ecdhCC26X2Objects                                                  
20004280  ti_sysbios_runtime_System_atexitHandlers                           
200042a0  udmaCC26XXObject                                                   
200042dc  BIOS_heapCallbackObject                                            
200042f8  BIOS_rtsGate                                                       
20004314  CryptoResourceCC26XX_hwi                                           
20004330  PKAResourceCC26XX_hwi                                              
2000434c  deviceName                                                         
20004364  aesccmCC26XXObjects                                                
20004390  rfMode                                                             
200043a0  llCteTest                                                          
200043ac  cteAntennaProp                                                     
200043b8  llTaskList                                                         
200043c4  displayUart2Object                                                 
200043d0  defaultChannelMap                                                  
200043d8  secondaryAdvChannelMap                                             
200043e0  llRfCmdPreemption                                                  
20004408  ggs_AppCBs                                                         
2000440c  pClientSecCBs                                                      
20004414  BDAddrPerConnHandle                                                
20004418  llCte                                                              
2000441c  llConnExtParam                                                     
20004420  extStackSettings                                                   
20004424  trngHandle                                                         
20004428  LSTORecoveryArr                                                    
2000442c  pNextAdvSet                                                        
20004430  llCurrentMappedChan                                                
20004434  drbgHandle                                                         
20004438  pRpaCfg                                                            
2000443c  gapBond_lruBondList                                                
20004440  gapBondStateNodeHead                                               
20004444  osal_syncHandle                                                    
20004448  osal_icallMsg_hook                                                 
2000444c  osal_qHead                                                         
20004450  osal_max_msecs                                                     
20004454  osal_tickperiod                                                    
20004458  osal_eventloop_hook                                                
2000445c  bm_preReleaseBuffCB                                                
20004468  OSAL_timeSeconds                                                   
2000446c  timerHead                                                          
20004474  osal_last_timestamp                                                
20004478  HEAPMGR_SIZE                                                       
2000447c  PowerCC26XX_swiKey                                                 
20004480  PowerCC26XX_taskKey                                                
20004484  tasksEvents                                                        
20004488  ti_sysbios_family_arm_cc26xx_TimestampProvider_Module_state        
2000448c  ti_sysbios_knl_Task_defaultStackHeap                               
20004490  maximumPduSize                                                     
20004494  pwrmgr_attribute                                                   
20004496  scanResToDiscard                                                   
20004497  resolvablePrivateAddressOnly                                       
20004498  GATTServApp_att_delayed_req                                        
20004499  hciTaskID                                                          
2000449a  hciL2capTaskID                                                     
2000449b  hciGapTaskID                                                       
2000449c  hciSmpTaskID                                                       
2000449d  hciTestTaskID                                                      
2000449e  hciVsEvtMask                                                       
2000449f  scanReqRpt                                                         
200044a0  secondaryAdvChannelMapPopCount                                     
200044a1  qosDefaultPriorityAdvParameter                                     
200044a2  maxNumCteDataBufs                                                  
200044a3  numActiveAdvSets                                                   
200044a4  wlSize                                                             
200044a5  rlSize                                                             
200044a6  decryptResult                                                      
200044a7  llUnhandleNextIntFlag                                              
200044a8  smAuthenPairingOnlyMode                                            
200044a9  icall_liteTaskId                                                   
200044aa  gapBond_removeLRUBond                                              
200044ab  gapBond_syncRL                                                     
200044ac  assertSubcause                                                     
200044ad  osal_entity                                                        
200044ae  pwrmgr_initialized                                                 
200044af  NVOCMP_size                                                        
200044b0  gAction                                                            
200044b1  nvsCC26XXObjects                                                   
20004500  ti_sysbios_family_arm_m3_Hwi_ramVectors                            
200045d8  heapStart                                                          
20013c00  __stack                                                            
20013c00  heapEnd                                                            
20014000  __STACK_END                                                        
20014000  __STACK_TOP                                                        
20014000  __UNUSED_SRAM_end__                                                
ffffffff  __TI_pprof_out_hndl                                                
ffffffff  __TI_prof_data_size                                                
ffffffff  __TI_prof_data_start                                               
ffffffff  __binit__                                                          
ffffffff  binit                                                              
UNDEFED   ITM_flush                                                          
UNDEFED   ITM_restore                                                        
UNDEFED   __c_args__                                                         
UNDEFED   __mpu_init                                                         

[2604 symbols]
